[92mINFO[0m [94mmain l.1936[0m [96mt=2026-09-17,13:12:29.372[0m > Using DY card /home/zeno/DY/pygloop_6c15087/cards/dy_histogram_precision_ladder_20260917.toml (source SHA256 49f567fc13096279497c11152af187880186fb0b0e01483168191f314870ad1e, generation fingerprint 1c10dab89f991ed4bc3b4f4debd968c24f7a800f6c6d3a5d9db411891fb0b471).
[92mINFO[0m [94mmain l.1962[0m [96mt=2026-09-17,13:12:29.372[0m > Applied general settings to process PP_DY_S1000_CM_H_EXACT_AUX_INCLUSIVE_20260915: {}
[92mINFO[0m [94m__init__ l.997[0m [96mt=2026-09-17,13:12:29.435[0m > Loaded compiled DY bundle from [92m/home/zeno/DY/pygloop_6c15087/outputs/evaluators/DY/DY_QQBAR_S1000_CM_H_EXACT_AUX_20260915_1L_processed[0m
[92mWARNING[0m [94m_verify_card_bundle_compatibility l.410[0m [96mt=2026-09-17,13:12:29.437[0m > DY bundle source provenance differs from the current checkout for: src/processes/dy/dy.py, src/processes/dy/dy_card.py, src/processes/dy/dy_evaluators.py, src/processes/dy/dy_histogram.py, src/processes/dy/dy_paired_settings.py, src/processes/dy/dy_paired_sobol.py, src/processes/dy/dy_pdf.py, src/processes/dy/dy_physical_channels.py, src/processes/dy/dy_precision.py, src/pygloop.py. Physics settings match, so integration will continue.
[92mINFO[0m [94m__init__ l.997[0m [96mt=2026-09-17,13:12:29.455[0m > Loaded compiled DY bundle from [92m/home/zeno/DY/pygloop_6c15087/outputs/evaluators/DY/DY_QG_S1000_CM_H_EXACT_AUX_20260915_1L_processed[0m
[92mWARNING[0m [94m_verify_card_bundle_compatibility l.410[0m [96mt=2026-09-17,13:12:29.456[0m > DY bundle source provenance differs from the current checkout for: src/processes/dy/dy.py, src/processes/dy/dy_card.py, src/processes/dy/dy_evaluators.py, src/processes/dy/dy_histogram.py, src/processes/dy/dy_paired_settings.py, src/processes/dy/dy_paired_sobol.py, src/processes/dy/dy_pdf.py, src/processes/dy/dy_physical_channels.py, src/processes/dy/dy_precision.py, src/pygloop.py. Physics settings match, so integration will continue.
DY_PAIRED {"event": "stage_start", "status": "auxiliary"}
LHAPDF 6.5.5 loading /home/zeno/MG5_aMC_v3_7_0_working/HEPTools/lhapdf6_py3//share/LHAPDF/PDF4LHC21_40/PDF4LHC21_40_0000.dat
PDF4LHC21_40 PDF set, member #0, version 1; LHAPDF ID = 93100
LHAPDF 6.5.5 loading /home/zeno/MG5_aMC_v3_7_0_working/HEPTools/lhapdf6_py3//share/LHAPDF/PDF4LHC21_40/PDF4LHC21_40_0000.dat
PDF4LHC21_40 PDF set, member #0, version 1; LHAPDF ID = 93100
LHAPDF 6.5.5 loading /home/zeno/MG5_aMC_v3_7_0_working/HEPTools/lhapdf6_py3//share/LHAPDF/PDF4LHC21_40/PDF4LHC21_40_0000.dat
PDF4LHC21_40 PDF set, member #0, version 1; LHAPDF ID = 93100
LHAPDF 6.5.5 loading /home/zeno/MG5_aMC_v3_7_0_working/HEPTools/lhapdf6_py3//share/LHAPDF/PDF4LHC21_40/PDF4LHC21_40_0000.dat
PDF4LHC21_40 PDF set, member #0, version 1; LHAPDF ID = 93100
LHAPDF 6.5.5 loading /home/zeno/MG5_aMC_v3_7_0_working/HEPTools/lhapdf6_py3//share/LHAPDF/PDF4LHC21_40/PDF4LHC21_40_0000.dat
PDF4LHC21_40 PDF set, member #0, version 1; LHAPDF ID = 93100
LHAPDF 6.5.5 loading /home/zeno/MG5_aMC_v3_7_0_working/HEPTools/lhapdf6_py3//share/LHAPDF/PDF4LHC21_40/PDF4LHC21_40_0000.dat
PDF4LHC21_40 PDF set, member #0, version 1; LHAPDF ID = 93100
LHAPDF 6.5.5 loading /home/zeno/MG5_aMC_v3_7_0_working/HEPTools/lhapdf6_py3//share/LHAPDF/PDF4LHC21_40/PDF4LHC21_40_0000.dat
PDF4LHC21_40 PDF set, member #0, version 1; LHAPDF ID = 93100
LHAPDF 6.5.5 loading /home/zeno/MG5_aMC_v3_7_0_working/HEPTools/lhapdf6_py3//share/LHAPDF/PDF4LHC21_40/PDF4LHC21_40_0000.dat
PDF4LHC21_40 PDF set, member #0, version 1; LHAPDF ID = 93100
LHAPDF 6.5.5 loading /home/zeno/MG5_aMC_v3_7_0_working/HEPTools/lhapdf6_py3//share/LHAPDF/PDF4LHC21_40/PDF4LHC21_40_0000.dat
PDF4LHC21_40 PDF set, member #0, version 1; LHAPDF ID = 93100
LHAPDF 6.5.5 loading /home/zeno/MG5_aMC_v3_7_0_working/HEPTools/lhapdf6_py3//share/LHAPDF/PDF4LHC21_40/PDF4LHC21_40_0000.dat
PDF4LHC21_40 PDF set, member #0, version 1; LHAPDF ID = 93100
LHAPDF 6.5.5 loading /home/zeno/MG5_aMC_v3_7_0_working/HEPTools/lhapdf6_py3//share/LHAPDF/PDF4LHC21_40/PDF4LHC21_40_0000.dat
PDF4LHC21_40 PDF set, member #0, version 1; LHAPDF ID = 93100
LHAPDF 6.5.5 loading /home/zeno/MG5_aMC_v3_7_0_working/HEPTools/lhapdf6_py3//share/LHAPDF/PDF4LHC21_40/PDF4LHC21_40_0000.dat
PDF4LHC21_40 PDF set, member #0, version 1; LHAPDF ID = 93100
LHAPDF 6.5.5 loading /home/zeno/MG5_aMC_v3_7_0_working/HEPTools/lhapdf6_py3//share/LHAPDF/PDF4LHC21_40/PDF4LHC21_40_0000.dat
PDF4LHC21_40 PDF set, member #0, version 1; LHAPDF ID = 93100
LHAPDF 6.5.5 loading /home/zeno/MG5_aMC_v3_7_0_working/HEPTools/lhapdf6_py3//share/LHAPDF/PDF4LHC21_40/PDF4LHC21_40_0000.dat
PDF4LHC21_40 PDF set, member #0, version 1; LHAPDF ID = 93100
LHAPDF 6.5.5 loading /home/zeno/MG5_aMC_v3_7_0_working/HEPTools/lhapdf6_py3//share/LHAPDF/PDF4LHC21_40/PDF4LHC21_40_0000.dat
PDF4LHC21_40 PDF set, member #0, version 1; LHAPDF ID = 93100
LHAPDF 6.5.5 loading /home/zeno/MG5_aMC_v3_7_0_working/HEPTools/lhapdf6_py3//share/LHAPDF/PDF4LHC21_40/PDF4LHC21_40_0000.dat
PDF4LHC21_40 PDF set, member #0, version 1; LHAPDF ID = 93100
LHAPDF 6.5.5 loading /home/zeno/MG5_aMC_v3_7_0_working/HEPTools/lhapdf6_py3//share/LHAPDF/PDF4LHC21_40/PDF4LHC21_40_0000.dat
PDF4LHC21_40 PDF set, member #0, version 1; LHAPDF ID = 93100
LHAPDF 6.5.5 loading /home/zeno/MG5_aMC_v3_7_0_working/HEPTools/lhapdf6_py3//share/LHAPDF/PDF4LHC21_40/PDF4LHC21_40_0000.dat
PDF4LHC21_40 PDF set, member #0, version 1; LHAPDF ID = 93100
LHAPDF 6.5.5 loading /home/zeno/MG5_aMC_v3_7_0_working/HEPTools/lhapdf6_py3//share/LHAPDF/PDF4LHC21_40/PDF4LHC21_40_0000.dat
PDF4LHC21_40 PDF set, member #0, version 1; LHAPDF ID = 93100
LHAPDF 6.5.5 loading /home/zeno/MG5_aMC_v3_7_0_working/HEPTools/lhapdf6_py3//share/LHAPDF/PDF4LHC21_40/PDF4LHC21_40_0000.dat
PDF4LHC21_40 PDF set, member #0, version 1; LHAPDF ID = 93100
DY_PAIRED {"event": "progress", "status": "auxiliary"}
DY_PAIRED {"event": "stage_start", "status": "learning_1"}
LHAPDF 6.5.5 loading /home/zeno/MG5_aMC_v3_7_0_working/HEPTools/lhapdf6_py3//share/LHAPDF/PDF4LHC21_40/PDF4LHC21_40_0000.dat
PDF4LHC21_40 PDF set, member #0, version 1; LHAPDF ID = 93100
LHAPDF 6.5.5 loading /home/zeno/MG5_aMC_v3_7_0_working/HEPTools/lhapdf6_py3//share/LHAPDF/PDF4LHC21_40/PDF4LHC21_40_0000.dat
PDF4LHC21_40 PDF set, member #0, version 1; LHAPDF ID = 93100
LHAPDF 6.5.5 loading /home/zeno/MG5_aMC_v3_7_0_working/HEPTools/lhapdf6_py3//share/LHAPDF/PDF4LHC21_40/PDF4LHC21_40_0000.dat
PDF4LHC21_40 PDF set, member #0, version 1; LHAPDF ID = 93100
LHAPDF 6.5.5 loading /home/zeno/MG5_aMC_v3_7_0_working/HEPTools/lhapdf6_py3//share/LHAPDF/PDF4LHC21_40/PDF4LHC21_40_0000.dat
PDF4LHC21_40 PDF set, member #0, version 1; LHAPDF ID = 93100
LHAPDF 6.5.5 loading /home/zeno/MG5_aMC_v3_7_0_working/HEPTools/lhapdf6_py3//share/LHAPDF/PDF4LHC21_40/PDF4LHC21_40_0000.dat
PDF4LHC21_40 PDF set, member #0, version 1; LHAPDF ID = 93100
LHAPDF 6.5.5 loading /home/zeno/MG5_aMC_v3_7_0_working/HEPTools/lhapdf6_py3//share/LHAPDF/PDF4LHC21_40/PDF4LHC21_40_0000.dat
PDF4LHC21_40 PDF set, member #0, version 1; LHAPDF ID = 93100
LHAPDF 6.5.5 loading /home/zeno/MG5_aMC_v3_7_0_working/HEPTools/lhapdf6_py3//share/LHAPDF/PDF4LHC21_40/PDF4LHC21_40_0000.dat
PDF4LHC21_40 PDF set, member #0, version 1; LHAPDF ID = 93100
LHAPDF 6.5.5LHAPDF  loading 6.5.5/home/zeno/MG5_aMC_v3_7_0_working/HEPTools/lhapdf6_py3//share/LHAPDF/PDF4LHC21_40/PDF4LHC21_40_0000.dat loading 
/home/zeno/MG5_aMC_v3_7_0_working/HEPTools/lhapdf6_py3//share/LHAPDF/PDF4LHC21_40/PDF4LHC21_40_0000.datPDF4LHC21_40 PDF set, member #0, version 1; LHAPDF ID = 93100

PDF4LHC21_40 PDF set, member #0, version 1; LHAPDF ID = 93100
LHAPDF 6.5.5 loading /home/zeno/MG5_aMC_v3_7_0_working/HEPTools/lhapdf6_py3//share/LHAPDF/PDF4LHC21_40/PDF4LHC21_40_0000.dat
PDF4LHC21_40 PDF set, member #0, version 1; LHAPDF ID = 93100
LHAPDF 6.5.5 loading /home/zeno/MG5_aMC_v3_7_0_working/HEPTools/lhapdf6_py3//share/LHAPDF/PDF4LHC21_40/PDF4LHC21_40_0000.dat
PDF4LHC21_40 PDF set, member #0, version 1; LHAPDF ID = 93100
LHAPDF 6.5.5 loading /home/zeno/MG5_aMC_v3_7_0_working/HEPTools/lhapdf6_py3//share/LHAPDF/PDF4LHC21_40/PDF4LHC21_40_0000.dat
PDF4LHC21_40 PDF set, member #0, version 1; LHAPDF ID = 93100
LHAPDF 6.5.5 loading /home/zeno/MG5_aMC_v3_7_0_working/HEPTools/lhapdf6_py3//share/LHAPDF/PDF4LHC21_40/PDF4LHC21_40_0000.dat
PDF4LHC21_40 PDF set, member #0, version 1; LHAPDF ID = 93100
LHAPDF 6.5.5 loading /home/zeno/MG5_aMC_v3_7_0_working/HEPTools/lhapdf6_py3//share/LHAPDF/PDF4LHC21_40/PDF4LHC21_40_0000.dat
PDF4LHC21_40 PDF set, member #0, version 1; LHAPDF ID = 93100
LHAPDF 6.5.5 loading /home/zeno/MG5_aMC_v3_7_0_working/HEPTools/lhapdf6_py3//share/LHAPDF/PDF4LHC21_40/PDF4LHC21_40_0000.dat
PDF4LHC21_40 PDF set, member #0, version 1; LHAPDF ID = 93100
LHAPDF 6.5.5 loading /home/zeno/MG5_aMC_v3_7_0_working/HEPTools/lhapdf6_py3//share/LHAPDF/PDF4LHC21_40/PDF4LHC21_40_0000.dat
PDF4LHC21_40 PDF set, member #0, version 1; LHAPDF ID = 93100
LHAPDF 6.5.5 loading /home/zeno/MG5_aMC_v3_7_0_working/HEPTools/lhapdf6_py3//share/LHAPDF/PDF4LHC21_40/PDF4LHC21_40_0000.dat
PDF4LHC21_40 PDF set, member #0, version 1; LHAPDF ID = 93100
LHAPDF LHAPDF 6.5.56.5.5 loading /home/zeno/MG5_aMC_v3_7_0_working/HEPTools/lhapdf6_py3//share/LHAPDF/PDF4LHC21_40/PDF4LHC21_40_0000.dat loading 
/home/zeno/MG5_aMC_v3_7_0_working/HEPTools/lhapdf6_py3//share/LHAPDF/PDF4LHC21_40/PDF4LHC21_40_0000.datPDF4LHC21_40 PDF set, member #0, version 1; LHAPDF ID = 93100

PDF4LHC21_40 PDF set, member #0, version 1; LHAPDF ID = 93100
LHAPDF 6.5.5 loading /home/zeno/MG5_aMC_v3_7_0_working/HEPTools/lhapdf6_py3//share/LHAPDF/PDF4LHC21_40/PDF4LHC21_40_0000.dat
PDF4LHC21_40 PDF set, member #0, version 1; LHAPDF ID = 93100
LHAPDF 6.5.5 loading /home/zeno/MG5_aMC_v3_7_0_working/HEPTools/lhapdf6_py3//share/LHAPDF/PDF4LHC21_40/PDF4LHC21_40_0000.dat
PDF4LHC21_40 PDF set, member #0, version 1; LHAPDF ID = 93100
LHAPDF 6.5.5 loading /home/zeno/MG5_aMC_v3_7_0_working/HEPTools/lhapdf6_py3//share/LHAPDF/PDF4LHC21_40/PDF4LHC21_40_0000.dat
PDF4LHC21_40 PDF set, member #0, version 1; LHAPDF ID = 93100
LHAPDF 6.5.5 loading /home/zeno/MG5_aMC_v3_7_0_working/HEPTools/lhapdf6_py3//share/LHAPDF/PDF4LHC21_40/PDF4LHC21_40_0000.dat
PDF4LHC21_40 PDF set, member #0, version 1; LHAPDF ID = 93100
LHAPDF 6.5.5 loading /home/zeno/MG5_aMC_v3_7_0_working/HEPTools/lhapdf6_py3//share/LHAPDF/PDF4LHC21_40/PDF4LHC21_40_0000.dat
PDF4LHC21_40 PDF set, member #0, version 1; LHAPDF ID = 93100
LHAPDF 6.5.5 loading /home/zeno/MG5_aMC_v3_7_0_working/HEPTools/lhapdf6_py3//share/LHAPDF/PDF4LHC21_40/PDF4LHC21_40_0000.dat
PDF4LHC21_40 PDF set, member #0, version 1; LHAPDF ID = 93100
LHAPDF 6.5.5 loading /home/zeno/MG5_aMC_v3_7_0_working/HEPTools/lhapdf6_py3//share/LHAPDF/PDF4LHC21_40/PDF4LHC21_40_0000.dat
PDF4LHC21_40 PDF set, member #0, version 1; LHAPDF ID = 93100
LHAPDF 6.5.5 loading /home/zeno/MG5_aMC_v3_7_0_working/HEPTools/lhapdf6_py3//share/LHAPDF/PDF4LHC21_40/PDF4LHC21_40_0000.dat
PDF4LHC21_40 PDF set, member #0, version 1; LHAPDF ID = 93100
LHAPDF 6.5.5 loading /home/zeno/MG5_aMC_v3_7_0_working/HEPTools/lhapdf6_py3//share/LHAPDF/PDF4LHC21_40/PDF4LHC21_40_0000.dat
PDF4LHC21_40 PDF set, member #0, version 1; LHAPDF ID = 93100
LHAPDF 6.5.5 loading /home/zeno/MG5_aMC_v3_7_0_working/HEPTools/lhapdf6_py3//share/LHAPDF/PDF4LHC21_40/PDF4LHC21_40_0000.dat
PDF4LHC21_40 PDF set, member #0, version 1; LHAPDF ID = 93100
LHAPDF 6.5.5 loading /home/zeno/MG5_aMC_v3_7_0_working/HEPTools/lhapdf6_py3//share/LHAPDF/PDF4LHC21_40/PDF4LHC21_40_0000.dat
PDF4LHC21_40 PDF set, member #0, version 1; LHAPDF ID = 93100
LHAPDF 6.5.5 loading /home/zeno/MG5_aMC_v3_7_0_working/HEPTools/lhapdf6_py3//share/LHAPDF/PDF4LHC21_40/PDF4LHC21_40_0000.dat
PDF4LHC21_40 PDF set, member #0, version 1; LHAPDF ID = 93100
LHAPDF 6.5.5 loading /home/zeno/MG5_aMC_v3_7_0_working/HEPTools/lhapdf6_py3//share/LHAPDF/PDF4LHC21_40/PDF4LHC21_40_0000.dat
PDF4LHC21_40 PDF set, member #0, version 1; LHAPDF ID = 93100
LHAPDF 6.5.5 loading /home/zeno/MG5_aMC_v3_7_0_working/HEPTools/lhapdf6_py3//share/LHAPDF/PDF4LHC21_40/PDF4LHC21_40_0000.dat
PDF4LHC21_40 PDF set, member #0, version 1; LHAPDF ID = 93100
LHAPDF 6.5.5 loading /home/zeno/MG5_aMC_v3_7_0_working/HEPTools/lhapdf6_py3//share/LHAPDF/PDF4LHC21_40/PDF4LHC21_40_0000.dat
PDF4LHC21_40 PDF set, member #0, version 1; LHAPDF ID = 93100
LHAPDF 6.5.5 loading /home/zeno/MG5_aMC_v3_7_0_working/HEPTools/lhapdf6_py3//share/LHAPDF/PDF4LHC21_40/PDF4LHC21_40_0000.datLHAPDF 
6.5.5PDF4LHC21_40 PDF set, member #0, version 1; LHAPDF ID = 93100 loading 
/home/zeno/MG5_aMC_v3_7_0_working/HEPTools/lhapdf6_py3//share/LHAPDF/PDF4LHC21_40/PDF4LHC21_40_0000.dat
PDF4LHC21_40 PDF set, member #0, version 1; LHAPDF ID = 93100
LHAPDF 6.5.5 loading /home/zeno/MG5_aMC_v3_7_0_working/HEPTools/lhapdf6_py3//share/LHAPDF/PDF4LHC21_40/PDF4LHC21_40_0000.dat
PDF4LHC21_40 PDF set, member #0, version 1; LHAPDF ID = 93100
LHAPDF 6.5.5 loading /home/zeno/MG5_aMC_v3_7_0_working/HEPTools/lhapdf6_py3//share/LHAPDF/PDF4LHC21_40/PDF4LHC21_40_0000.dat
PDF4LHC21_40 PDF set, member #0, version 1; LHAPDF ID = 93100
LHAPDF 6.5.5 loading /home/zeno/MG5_aMC_v3_7_0_working/HEPTools/lhapdf6_py3//share/LHAPDF/PDF4LHC21_40/PDF4LHC21_40_0000.dat
PDF4LHC21_40 PDF set, member #0, version 1; LHAPDF ID = 93100
LHAPDF 6.5.5 loading /home/zeno/MG5_aMC_v3_7_0_working/HEPTools/lhapdf6_py3//share/LHAPDF/PDF4LHC21_40/PDF4LHC21_40_0000.dat
PDF4LHC21_40 PDF set, member #0, version 1; LHAPDF ID = 93100
LHAPDF 6.5.5 loading /home/zeno/MG5_aMC_v3_7_0_working/HEPTools/lhapdf6_py3//share/LHAPDF/PDF4LHC21_40/PDF4LHC21_40_0000.dat
PDF4LHC21_40 PDF set, member #0, version 1; LHAPDF ID = 93100
LHAPDF 6.5.5 loading /home/zeno/MG5_aMC_v3_7_0_working/HEPTools/lhapdf6_py3//share/LHAPDF/PDF4LHC21_40/PDF4LHC21_40_0000.dat
PDF4LHC21_40 PDF set, member #0, version 1; LHAPDF ID = 93100
LHAPDF 6.5.5 loading /home/zeno/MG5_aMC_v3_7_0_working/HEPTools/lhapdf6_py3//share/LHAPDF/PDF4LHC21_40/PDF4LHC21_40_0000.dat
PDF4LHC21_40 PDF set, member #0, version 1; LHAPDF ID = 93100
LHAPDF 6.5.5 loading /home/zeno/MG5_aMC_v3_7_0_working/HEPTools/lhapdf6_py3//share/LHAPDF/PDF4LHC21_40/PDF4LHC21_40_0000.dat
PDF4LHC21_40 PDF set, member #0, version 1; LHAPDF ID = 93100
LHAPDF 6.5.5 loading /home/zeno/MG5_aMC_v3_7_0_working/HEPTools/lhapdf6_py3//share/LHAPDF/PDF4LHC21_40/PDF4LHC21_40_0000.dat
PDF4LHC21_40 PDF set, member #0, version 1; LHAPDF ID = 93100
LHAPDF 6.5.5 loading /home/zeno/MG5_aMC_v3_7_0_working/HEPTools/lhapdf6_py3//share/LHAPDF/PDF4LHC21_40/PDF4LHC21_40_0000.dat
PDF4LHC21_40 PDF set, member #0, version 1; LHAPDF ID = 93100
LHAPDF 6.5.5 loading /home/zeno/MG5_aMC_v3_7_0_working/HEPTools/lhapdf6_py3//share/LHAPDF/PDF4LHC21_40/PDF4LHC21_40_0000.dat
PDF4LHC21_40 PDF set, member #0, version 1; LHAPDF ID = 93100
LHAPDF 6.5.5 loading /home/zeno/MG5_aMC_v3_7_0_working/HEPTools/lhapdf6_py3//share/LHAPDF/PDF4LHC21_40/PDF4LHC21_40_0000.dat
PDF4LHC21_40 PDF set, member #0, version 1; LHAPDF ID = 93100
LHAPDF 6.5.5 loading /home/zeno/MG5_aMC_v3_7_0_working/HEPTools/lhapdf6_py3//share/LHAPDF/PDF4LHC21_40/PDF4LHC21_40_0000.dat
PDF4LHC21_40 PDF set, member #0, version 1; LHAPDF ID = 93100
LHAPDF 6.5.5 loading /home/zeno/MG5_aMC_v3_7_0_working/HEPTools/lhapdf6_py3//share/LHAPDF/PDF4LHC21_40/PDF4LHC21_40_0000.dat
PDF4LHC21_40 PDF set, member #0, version 1; LHAPDF ID = 93100
LHAPDF 6.5.5 loading /home/zeno/MG5_aMC_v3_7_0_working/HEPTools/lhapdf6_py3//share/LHAPDF/PDF4LHC21_40/PDF4LHC21_40_0000.dat
PDF4LHC21_40 PDF set, member #0, version 1; LHAPDF ID = 93100
LHAPDF 6.5.5 loading /home/zeno/MG5_aMC_v3_7_0_working/HEPTools/lhapdf6_py3//share/LHAPDF/PDF4LHC21_40/PDF4LHC21_40_0000.dat
PDF4LHC21_40 PDF set, member #0, version 1; LHAPDF ID = 93100
LHAPDF 6.5.5LHAPDF  loading 6.5.5/home/zeno/MG5_aMC_v3_7_0_working/HEPTools/lhapdf6_py3//share/LHAPDF/PDF4LHC21_40/PDF4LHC21_40_0000.dat loading 
/home/zeno/MG5_aMC_v3_7_0_working/HEPTools/lhapdf6_py3//share/LHAPDF/PDF4LHC21_40/PDF4LHC21_40_0000.datPDF4LHC21_40 PDF set, member #0, version 1; LHAPDF ID = 93100LHAPDF 

6.5.5PDF4LHC21_40 PDF set, member #0, version 1; LHAPDF ID = 93100 loading 
/home/zeno/MG5_aMC_v3_7_0_working/HEPTools/lhapdf6_py3//share/LHAPDF/PDF4LHC21_40/PDF4LHC21_40_0000.dat
PDF4LHC21_40 PDF set, member #0, version 1; LHAPDF ID = 93100
LHAPDF 6.5.5 loading /home/zeno/MG5_aMC_v3_7_0_working/HEPTools/lhapdf6_py3//share/LHAPDF/PDF4LHC21_40/PDF4LHC21_40_0000.dat
PDF4LHC21_40 PDF set, member #0, version 1; LHAPDF ID = 93100
LHAPDF 6.5.5 loading /home/zeno/MG5_aMC_v3_7_0_working/HEPTools/lhapdf6_py3//share/LHAPDF/PDF4LHC21_40/PDF4LHC21_40_0000.dat
PDF4LHC21_40 PDF set, member #0, version 1; LHAPDF ID = 93100
LHAPDF 6.5.5 loading /home/zeno/MG5_aMC_v3_7_0_working/HEPTools/lhapdf6_py3//share/LHAPDF/PDF4LHC21_40/PDF4LHC21_40_0000.dat
PDF4LHC21_40 PDF set, member #0, version 1; LHAPDF ID = 93100
LHAPDF 6.5.5 loading /home/zeno/MG5_aMC_v3_7_0_working/HEPTools/lhapdf6_py3//share/LHAPDF/PDF4LHC21_40/PDF4LHC21_40_0000.dat
PDF4LHC21_40 PDF set, member #0, version 1; LHAPDF ID = 93100
LHAPDF 6.5.5 loading /home/zeno/MG5_aMC_v3_7_0_working/HEPTools/lhapdf6_py3//share/LHAPDF/PDF4LHC21_40/PDF4LHC21_40_0000.dat
PDF4LHC21_40 PDF set, member #0, version 1; LHAPDF ID = 93100
LHAPDF 6.5.5 loading /home/zeno/MG5_aMC_v3_7_0_working/HEPTools/lhapdf6_py3//share/LHAPDF/PDF4LHC21_40/PDF4LHC21_40_0000.dat
PDF4LHC21_40 PDF set, member #0, version 1; LHAPDF ID = 93100
LHAPDF LHAPDF 6.5.56.5.5 loading  loading /home/zeno/MG5_aMC_v3_7_0_working/HEPTools/lhapdf6_py3//share/LHAPDF/PDF4LHC21_40/PDF4LHC21_40_0000.dat/home/zeno/MG5_aMC_v3_7_0_working/HEPTools/lhapdf6_py3//share/LHAPDF/PDF4LHC21_40/PDF4LHC21_40_0000.dat

PDF4LHC21_40 PDF set, member #0, version 1; LHAPDF ID = 93100PDF4LHC21_40 PDF set, member #0, version 1; LHAPDF ID = 93100

LHAPDF 6.5.5 loading /home/zeno/MG5_aMC_v3_7_0_working/HEPTools/lhapdf6_py3//share/LHAPDF/PDF4LHC21_40/PDF4LHC21_40_0000.dat
PDF4LHC21_40 PDF set, member #0, version 1; LHAPDF ID = 93100
LHAPDF 6.5.5 loading /home/zeno/MG5_aMC_v3_7_0_working/HEPTools/lhapdf6_py3//share/LHAPDF/PDF4LHC21_40/PDF4LHC21_40_0000.dat
PDF4LHC21_40 PDF set, member #0, version 1; LHAPDF ID = 93100
LHAPDF 6.5.5 loading /home/zeno/MG5_aMC_v3_7_0_working/HEPTools/lhapdf6_py3//share/LHAPDF/PDF4LHC21_40/PDF4LHC21_40_0000.dat
PDF4LHC21_40 PDF set, member #0, version 1; LHAPDF ID = 93100
LHAPDF 6.5.5 loading /home/zeno/MG5_aMC_v3_7_0_working/HEPTools/lhapdf6_py3//share/LHAPDF/PDF4LHC21_40/PDF4LHC21_40_0000.dat
PDF4LHC21_40 PDF set, member #0, version 1; LHAPDF ID = 93100
LHAPDF 6.5.5 loading /home/zeno/MG5_aMC_v3_7_0_working/HEPTools/lhapdf6_py3//share/LHAPDF/PDF4LHC21_40/PDF4LHC21_40_0000.dat
PDF4LHC21_40 PDF set, member #0, version 1; LHAPDF ID = 93100
LHAPDF 6.5.5 loading /home/zeno/MG5_aMC_v3_7_0_working/HEPTools/lhapdf6_py3//share/LHAPDF/PDF4LHC21_40/PDF4LHC21_40_0000.dat
PDF4LHC21_40 PDF set, member #0, version 1; LHAPDF ID = 93100
LHAPDF 6.5.5 loading /home/zeno/MG5_aMC_v3_7_0_working/HEPTools/lhapdf6_py3//share/LHAPDF/PDF4LHC21_40/PDF4LHC21_40_0000.dat
PDF4LHC21_40 PDF set, member #0, version 1; LHAPDF ID = 93100
LHAPDF 6.5.5 loading /home/zeno/MG5_aMC_v3_7_0_working/HEPTools/lhapdf6_py3//share/LHAPDF/PDF4LHC21_40/PDF4LHC21_40_0000.dat
PDF4LHC21_40 PDF set, member #0, version 1; LHAPDF ID = 93100
LHAPDF 6.5.5 loading LHAPDF /home/zeno/MG5_aMC_v3_7_0_working/HEPTools/lhapdf6_py3//share/LHAPDF/PDF4LHC21_40/PDF4LHC21_40_0000.dat6.5.5
 loading PDF4LHC21_40 PDF set, member #0, version 1; LHAPDF ID = 93100/home/zeno/MG5_aMC_v3_7_0_working/HEPTools/lhapdf6_py3//share/LHAPDF/PDF4LHC21_40/PDF4LHC21_40_0000.dat

PDF4LHC21_40 PDF set, member #0, version 1; LHAPDF ID = 93100
LHAPDF 6.5.5 loading /home/zeno/MG5_aMC_v3_7_0_working/HEPTools/lhapdf6_py3//share/LHAPDF/PDF4LHC21_40/PDF4LHC21_40_0000.dat
PDF4LHC21_40 PDF set, member #0, version 1; LHAPDF ID = 93100
LHAPDF 6.5.5 loading /home/zeno/MG5_aMC_v3_7_0_working/HEPTools/lhapdf6_py3//share/LHAPDF/PDF4LHC21_40/PDF4LHC21_40_0000.dat
PDF4LHC21_40 PDF set, member #0, version 1; LHAPDF ID = 93100
LHAPDF 6.5.5 loading /home/zeno/MG5_aMC_v3_7_0_working/HEPTools/lhapdf6_py3//share/LHAPDF/PDF4LHC21_40/PDF4LHC21_40_0000.dat
PDF4LHC21_40 PDF set, member #0, version 1; LHAPDF ID = 93100
LHAPDF 6.5.5 loading /home/zeno/MG5_aMC_v3_7_0_working/HEPTools/lhapdf6_py3//share/LHAPDF/PDF4LHC21_40/PDF4LHC21_40_0000.dat
PDF4LHC21_40 PDF set, member #0, version 1; LHAPDF ID = 93100
LHAPDF 6.5.5 loading /home/zeno/MG5_aMC_v3_7_0_working/HEPTools/lhapdf6_py3//share/LHAPDF/PDF4LHC21_40/PDF4LHC21_40_0000.dat
PDF4LHC21_40 PDF set, member #0, version 1; LHAPDF ID = 93100
LHAPDF 6.5.5 loading LHAPDF /home/zeno/MG5_aMC_v3_7_0_working/HEPTools/lhapdf6_py3//share/LHAPDF/PDF4LHC21_40/PDF4LHC21_40_0000.dat6.5.5
PDF4LHC21_40 PDF set, member #0, version 1; LHAPDF ID = 93100 loading 
/home/zeno/MG5_aMC_v3_7_0_working/HEPTools/lhapdf6_py3//share/LHAPDF/PDF4LHC21_40/PDF4LHC21_40_0000.dat
PDF4LHC21_40 PDF set, member #0, version 1; LHAPDF ID = 93100
LHAPDF 6.5.5 loading /home/zeno/MG5_aMC_v3_7_0_working/HEPTools/lhapdf6_py3//share/LHAPDF/PDF4LHC21_40/PDF4LHC21_40_0000.dat
PDF4LHC21_40 PDF set, member #0, version 1; LHAPDF ID = 93100
LHAPDF 6.5.5 loading /home/zeno/MG5_aMC_v3_7_0_working/HEPTools/lhapdf6_py3//share/LHAPDF/PDF4LHC21_40/PDF4LHC21_40_0000.dat
PDF4LHC21_40 PDF set, member #0, version 1; LHAPDF ID = 93100
LHAPDF 6.5.5 loading /home/zeno/MG5_aMC_v3_7_0_working/HEPTools/lhapdf6_py3//share/LHAPDF/PDF4LHC21_40/PDF4LHC21_40_0000.dat
PDF4LHC21_40 PDF set, member #0, version 1; LHAPDF ID = 93100
LHAPDF 6.5.5 loading /home/zeno/MG5_aMC_v3_7_0_working/HEPTools/lhapdf6_py3//share/LHAPDF/PDF4LHC21_40/PDF4LHC21_40_0000.dat
PDF4LHC21_40 PDF set, member #0, version 1; LHAPDF ID = 93100
LHAPDF 6.5.5 loading /home/zeno/MG5_aMC_v3_7_0_working/HEPTools/lhapdf6_py3//share/LHAPDF/PDF4LHC21_40/PDF4LHC21_40_0000.dat
PDF4LHC21_40 PDF set, member #0, version 1; LHAPDF ID = 93100
LHAPDF 6.5.5 loading LHAPDF /home/zeno/MG5_aMC_v3_7_0_working/HEPTools/lhapdf6_py3//share/LHAPDF/PDF4LHC21_40/PDF4LHC21_40_0000.dat
6.5.5PDF4LHC21_40 PDF set, member #0, version 1; LHAPDF ID = 93100 loading 
/home/zeno/MG5_aMC_v3_7_0_working/HEPTools/lhapdf6_py3//share/LHAPDF/PDF4LHC21_40/PDF4LHC21_40_0000.dat
PDF4LHC21_40 PDF set, member #0, version 1; LHAPDF ID = 93100
LHAPDF 6.5.5 loading /home/zeno/MG5_aMC_v3_7_0_working/HEPTools/lhapdf6_py3//share/LHAPDF/PDF4LHC21_40/PDF4LHC21_40_0000.dat
PDF4LHC21_40 PDF set, member #0, version 1; LHAPDF ID = 93100
LHAPDF 6.5.5 loading /home/zeno/MG5_aMC_v3_7_0_working/HEPTools/lhapdf6_py3//share/LHAPDF/PDF4LHC21_40/PDF4LHC21_40_0000.dat
PDF4LHC21_40 PDF set, member #0, version 1; LHAPDF ID = 93100
LHAPDF 6.5.5 loading /home/zeno/MG5_aMC_v3_7_0_working/HEPTools/lhapdf6_py3//share/LHAPDF/PDF4LHC21_40/PDF4LHC21_40_0000.dat
PDF4LHC21_40 PDF set, member #0, version 1; LHAPDF ID = 93100
LHAPDF 6.5.5 loading /home/zeno/MG5_aMC_v3_7_0_working/HEPTools/lhapdf6_py3//share/LHAPDF/PDF4LHC21_40/PDF4LHC21_40_0000.dat
PDF4LHC21_40 PDF set, member #0, version 1; LHAPDF ID = 93100
LHAPDF 6.5.5 loading /home/zeno/MG5_aMC_v3_7_0_working/HEPTools/lhapdf6_py3//share/LHAPDF/PDF4LHC21_40/PDF4LHC21_40_0000.dat
PDF4LHC21_40 PDF set, member #0, version 1; LHAPDF ID = 93100
LHAPDF 6.5.5 loading /home/zeno/MG5_aMC_v3_7_0_working/HEPTools/lhapdf6_py3//share/LHAPDF/PDF4LHC21_40/PDF4LHC21_40_0000.dat
PDF4LHC21_40 PDF set, member #0, version 1; LHAPDF ID = 93100
LHAPDF 6.5.5 loading /home/zeno/MG5_aMC_v3_7_0_working/HEPTools/lhapdf6_py3//share/LHAPDF/PDF4LHC21_40/PDF4LHC21_40_0000.dat
PDF4LHC21_40 PDF set, member #0, version 1; LHAPDF ID = 93100
LHAPDF 6.5.5 loading /home/zeno/MG5_aMC_v3_7_0_working/HEPTools/lhapdf6_py3//share/LHAPDF/PDF4LHC21_40/PDF4LHC21_40_0000.dat
PDF4LHC21_40 PDF set, member #0, version 1; LHAPDF ID = 93100
LHAPDF 6.5.5 loading /home/zeno/MG5_aMC_v3_7_0_working/HEPTools/lhapdf6_py3//share/LHAPDF/PDF4LHC21_40/PDF4LHC21_40_0000.dat
PDF4LHC21_40 PDF set, member #0, version 1; LHAPDF ID = 93100
LHAPDF 6.5.5 loading /home/zeno/MG5_aMC_v3_7_0_working/HEPTools/lhapdf6_py3//share/LHAPDF/PDF4LHC21_40/PDF4LHC21_40_0000.dat
PDF4LHC21_40 PDF set, member #0, version 1; LHAPDF ID = 93100
LHAPDF 6.5.5 loading /home/zeno/MG5_aMC_v3_7_0_working/HEPTools/lhapdf6_py3//share/LHAPDF/PDF4LHC21_40/PDF4LHC21_40_0000.dat
PDF4LHC21_40 PDF set, member #0, version 1; LHAPDF ID = 93100
LHAPDF 6.5.5 loading /home/zeno/MG5_aMC_v3_7_0_working/HEPTools/lhapdf6_py3//share/LHAPDF/PDF4LHC21_40/PDF4LHC21_40_0000.dat
PDF4LHC21_40 PDF set, member #0, version 1; LHAPDF ID = 93100
LHAPDF 6.5.5 loading /home/zeno/MG5_aMC_v3_7_0_working/HEPTools/lhapdf6_py3//share/LHAPDF/PDF4LHC21_40/PDF4LHC21_40_0000.dat
PDF4LHC21_40 PDF set, member #0, version 1; LHAPDF ID = 93100
LHAPDF 6.5.5 loading /home/zeno/MG5_aMC_v3_7_0_working/HEPTools/lhapdf6_py3//share/LHAPDF/PDF4LHC21_40/PDF4LHC21_40_0000.dat
PDF4LHC21_40 PDF set, member #0, version 1; LHAPDF ID = 93100
LHAPDF 6.5.5 loading /home/zeno/MG5_aMC_v3_7_0_working/HEPTools/lhapdf6_py3//share/LHAPDF/PDF4LHC21_40/PDF4LHC21_40_0000.dat
PDF4LHC21_40 PDF set, member #0, version 1; LHAPDF ID = 93100
LHAPDF 6.5.5 loading /home/zeno/MG5_aMC_v3_7_0_working/HEPTools/lhapdf6_py3//share/LHAPDF/PDF4LHC21_40/PDF4LHC21_40_0000.dat
PDF4LHC21_40 PDF set, member #0, version 1; LHAPDF ID = 93100
LHAPDF 6.5.5 loading /home/zeno/MG5_aMC_v3_7_0_working/HEPTools/lhapdf6_py3//share/LHAPDF/PDF4LHC21_40/PDF4LHC21_40_0000.dat
PDF4LHC21_40 PDF set, member #0, version 1; LHAPDF ID = 93100
LHAPDF 6.5.5 loading /home/zeno/MG5_aMC_v3_7_0_working/HEPTools/lhapdf6_py3//share/LHAPDF/PDF4LHC21_40/PDF4LHC21_40_0000.dat
PDF4LHC21_40 PDF set, member #0, version 1; LHAPDF ID = 93100
LHAPDF 6.5.5 loading /home/zeno/MG5_aMC_v3_7_0_working/HEPTools/lhapdf6_py3//share/LHAPDF/PDF4LHC21_40/PDF4LHC21_40_0000.dat
PDF4LHC21_40 PDF set, member #0, version 1; LHAPDF ID = 93100
LHAPDF 6.5.5 loading /home/zeno/MG5_aMC_v3_7_0_working/HEPTools/lhapdf6_py3//share/LHAPDF/PDF4LHC21_40/PDF4LHC21_40_0000.dat
PDF4LHC21_40 PDF set, member #0, version 1; LHAPDF ID = 93100
LHAPDF 6.5.5 loading /home/zeno/MG5_aMC_v3_7_0_working/HEPTools/lhapdf6_py3//share/LHAPDF/PDF4LHC21_40/PDF4LHC21_40_0000.dat
PDF4LHC21_40 PDF set, member #0, version 1; LHAPDF ID = 93100
LHAPDF 6.5.5 loading /home/zeno/MG5_aMC_v3_7_0_working/HEPTools/lhapdf6_py3//share/LHAPDF/PDF4LHC21_40/PDF4LHC21_40_0000.dat
PDF4LHC21_40 PDF set, member #0, version 1; LHAPDF ID = 93100
LHAPDF 6.5.5 loading /home/zeno/MG5_aMC_v3_7_0_working/HEPTools/lhapdf6_py3//share/LHAPDF/PDF4LHC21_40/PDF4LHC21_40_0000.dat
PDF4LHC21_40 PDF set, member #0, version 1; LHAPDF ID = 93100
LHAPDF 6.5.5 loading /home/zeno/MG5_aMC_v3_7_0_working/HEPTools/lhapdf6_py3//share/LHAPDF/PDF4LHC21_40/PDF4LHC21_40_0000.dat
PDF4LHC21_40 PDF set, member #0, version 1; LHAPDF ID = 93100
LHAPDF 6.5.5 loading /home/zeno/MG5_aMC_v3_7_0_working/HEPTools/lhapdf6_py3//share/LHAPDF/PDF4LHC21_40/PDF4LHC21_40_0000.dat
PDF4LHC21_40 PDF set, member #0, version 1; LHAPDF ID = 93100
LHAPDF 6.5.5 loading /home/zeno/MG5_aMC_v3_7_0_working/HEPTools/lhapdf6_py3//share/LHAPDF/PDF4LHC21_40/PDF4LHC21_40_0000.dat
PDF4LHC21_40 PDF set, member #0, version 1; LHAPDF ID = 93100
LHAPDF 6.5.5 loading /home/zeno/MG5_aMC_v3_7_0_working/HEPTools/lhapdf6_py3//share/LHAPDF/PDF4LHC21_40/PDF4LHC21_40_0000.dat
PDF4LHC21_40 PDF set, member #0, version 1; LHAPDF ID = 93100
LHAPDF 6.5.5 loading /home/zeno/MG5_aMC_v3_7_0_working/HEPTools/lhapdf6_py3//share/LHAPDF/PDF4LHC21_40/PDF4LHC21_40_0000.dat
PDF4LHC21_40 PDF set, member #0, version 1; LHAPDF ID = 93100
LHAPDF 6.5.5 loading /home/zeno/MG5_aMC_v3_7_0_working/HEPTools/lhapdf6_py3//share/LHAPDF/PDF4LHC21_40/PDF4LHC21_40_0000.dat
PDF4LHC21_40 PDF set, member #0, version 1; LHAPDF ID = 93100
LHAPDF 6.5.5 loading /home/zeno/MG5_aMC_v3_7_0_working/HEPTools/lhapdf6_py3//share/LHAPDF/PDF4LHC21_40/PDF4LHC21_40_0000.dat
PDF4LHC21_40 PDF set, member #0, version 1; LHAPDF ID = 93100
LHAPDF 6.5.5 loading /home/zeno/MG5_aMC_v3_7_0_working/HEPTools/lhapdf6_py3//share/LHAPDF/PDF4LHC21_40/PDF4LHC21_40_0000.dat
PDF4LHC21_40 PDF set, member #0, version 1; LHAPDF ID = 93100
LHAPDF 6.5.5 loading /home/zeno/MG5_aMC_v3_7_0_working/HEPTools/lhapdf6_py3//share/LHAPDF/PDF4LHC21_40/PDF4LHC21_40_0000.dat
PDF4LHC21_40 PDF set, member #0, version 1; LHAPDF ID = 93100
LHAPDF 6.5.5 loading /home/zeno/MG5_aMC_v3_7_0_working/HEPTools/lhapdf6_py3//share/LHAPDF/PDF4LHC21_40/PDF4LHC21_40_0000.dat
PDF4LHC21_40 PDF set, member #0, version 1; LHAPDF ID = 93100
LHAPDF 6.5.5 loading /home/zeno/MG5_aMC_v3_7_0_working/HEPTools/lhapdf6_py3//share/LHAPDF/PDF4LHC21_40/PDF4LHC21_40_0000.dat
PDF4LHC21_40 PDF set, member #0, version 1; LHAPDF ID = 93100
LHAPDF 6.5.5 loading /home/zeno/MG5_aMC_v3_7_0_working/HEPTools/lhapdf6_py3//share/LHAPDF/PDF4LHC21_40/PDF4LHC21_40_0000.dat
PDF4LHC21_40 PDF set, member #0, version 1; LHAPDF ID = 93100
LHAPDF 6.5.5 loading /home/zeno/MG5_aMC_v3_7_0_working/HEPTools/lhapdf6_py3//share/LHAPDF/PDF4LHC21_40/PDF4LHC21_40_0000.dat
PDF4LHC21_40 PDF set, member #0, version 1; LHAPDF ID = 93100
LHAPDF LHAPDF 6.5.56.5.5 loading  loading /home/zeno/MG5_aMC_v3_7_0_working/HEPTools/lhapdf6_py3//share/LHAPDF/PDF4LHC21_40/PDF4LHC21_40_0000.dat/home/zeno/MG5_aMC_v3_7_0_working/HEPTools/lhapdf6_py3//share/LHAPDF/PDF4LHC21_40/PDF4LHC21_40_0000.dat

PDF4LHC21_40 PDF set, member #0, version 1; LHAPDF ID = 93100PDF4LHC21_40 PDF set, member #0, version 1; LHAPDF ID = 93100

LHAPDF 6.5.5 loading /home/zeno/MG5_aMC_v3_7_0_working/HEPTools/lhapdf6_py3//share/LHAPDF/PDF4LHC21_40/PDF4LHC21_40_0000.dat
PDF4LHC21_40 PDF set, member #0, version 1; LHAPDF ID = 93100
LHAPDF 6.5.5 loading /home/zeno/MG5_aMC_v3_7_0_working/HEPTools/lhapdf6_py3//share/LHAPDF/PDF4LHC21_40/PDF4LHC21_40_0000.dat
PDF4LHC21_40 PDF set, member #0, version 1; LHAPDF ID = 93100
LHAPDF 6.5.5 loading /home/zeno/MG5_aMC_v3_7_0_working/HEPTools/lhapdf6_py3//share/LHAPDF/PDF4LHC21_40/PDF4LHC21_40_0000.dat
PDF4LHC21_40 PDF set, member #0, version 1; LHAPDF ID = 93100
LHAPDF 6.5.5 loading /home/zeno/MG5_aMC_v3_7_0_working/HEPTools/lhapdf6_py3//share/LHAPDF/PDF4LHC21_40/PDF4LHC21_40_0000.dat
PDF4LHC21_40 PDF set, member #0, version 1; LHAPDF ID = 93100
LHAPDF 6.5.5 loading /home/zeno/MG5_aMC_v3_7_0_working/HEPTools/lhapdf6_py3//share/LHAPDF/PDF4LHC21_40/PDF4LHC21_40_0000.dat
PDF4LHC21_40 PDF set, member #0, version 1; LHAPDF ID = 93100
LHAPDF 6.5.5 loading /home/zeno/MG5_aMC_v3_7_0_working/HEPTools/lhapdf6_py3//share/LHAPDF/PDF4LHC21_40/PDF4LHC21_40_0000.dat
PDF4LHC21_40 PDF set, member #0, version 1; LHAPDF ID = 93100
LHAPDF 6.5.5 loading /home/zeno/MG5_aMC_v3_7_0_working/HEPTools/lhapdf6_py3//share/LHAPDF/PDF4LHC21_40/PDF4LHC21_40_0000.dat
PDF4LHC21_40 PDF set, member #0, version 1; LHAPDF ID = 93100
LHAPDF 6.5.5 loading /home/zeno/MG5_aMC_v3_7_0_working/HEPTools/lhapdf6_py3//share/LHAPDF/PDF4LHC21_40/PDF4LHC21_40_0000.dat
PDF4LHC21_40 PDF set, member #0, version 1; LHAPDF ID = 93100
LHAPDF 6.5.5 loading /home/zeno/MG5_aMC_v3_7_0_working/HEPTools/lhapdf6_py3//share/LHAPDF/PDF4LHC21_40/PDF4LHC21_40_0000.dat
PDF4LHC21_40 PDF set, member #0, version 1; LHAPDF ID = 93100
LHAPDF 6.5.5 loading /home/zeno/MG5_aMC_v3_7_0_working/HEPTools/lhapdf6_py3//share/LHAPDF/PDF4LHC21_40/PDF4LHC21_40_0000.dat
PDF4LHC21_40 PDF set, member #0, version 1; LHAPDF ID = 93100
LHAPDF 6.5.5 loading /home/zeno/MG5_aMC_v3_7_0_working/HEPTools/lhapdf6_py3//share/LHAPDF/PDF4LHC21_40/PDF4LHC21_40_0000.dat
PDF4LHC21_40 PDF set, member #0, version 1; LHAPDF ID = 93100
LHAPDF 6.5.5 loading /home/zeno/MG5_aMC_v3_7_0_working/HEPTools/lhapdf6_py3//share/LHAPDF/PDF4LHC21_40/PDF4LHC21_40_0000.dat
PDF4LHC21_40 PDF set, member #0, version 1; LHAPDF ID = 93100
LHAPDF 6.5.5 loading /home/zeno/MG5_aMC_v3_7_0_working/HEPTools/lhapdf6_py3//share/LHAPDF/PDF4LHC21_40/PDF4LHC21_40_0000.dat
PDF4LHC21_40 PDF set, member #0, version 1; LHAPDF ID = 93100
LHAPDF 6.5.5 loading /home/zeno/MG5_aMC_v3_7_0_working/HEPTools/lhapdf6_py3//share/LHAPDF/PDF4LHC21_40/PDF4LHC21_40_0000.dat
PDF4LHC21_40 PDF set, member #0, version 1; LHAPDF ID = 93100
LHAPDF 6.5.5 loading /home/zeno/MG5_aMC_v3_7_0_working/HEPTools/lhapdf6_py3//share/LHAPDF/PDF4LHC21_40/PDF4LHC21_40_0000.dat
PDF4LHC21_40 PDF set, member #0, version 1; LHAPDF ID = 93100
LHAPDF 6.5.5 loading /home/zeno/MG5_aMC_v3_7_0_working/HEPTools/lhapdf6_py3//share/LHAPDF/PDF4LHC21_40/PDF4LHC21_40_0000.dat
PDF4LHC21_40 PDF set, member #0, version 1; LHAPDF ID = 93100
LHAPDF 6.5.5 loading /home/zeno/MG5_aMC_v3_7_0_working/HEPTools/lhapdf6_py3//share/LHAPDF/PDF4LHC21_40/PDF4LHC21_40_0000.dat
PDF4LHC21_40 PDF set, member #0, version 1; LHAPDF ID = 93100
LHAPDF 6.5.5 loading /home/zeno/MG5_aMC_v3_7_0_working/HEPTools/lhapdf6_py3//share/LHAPDF/PDF4LHC21_40/PDF4LHC21_40_0000.dat
PDF4LHC21_40 PDF set, member #0, version 1; LHAPDF ID = 93100
LHAPDF 6.5.5 loading /home/zeno/MG5_aMC_v3_7_0_working/HEPTools/lhapdf6_py3//share/LHAPDF/PDF4LHC21_40/PDF4LHC21_40_0000.dat
PDF4LHC21_40 PDF set, member #0, version 1; LHAPDF ID = 93100
LHAPDF 6.5.5 loading /home/zeno/MG5_aMC_v3_7_0_working/HEPTools/lhapdf6_py3//share/LHAPDF/PDF4LHC21_40/PDF4LHC21_40_0000.dat
PDF4LHC21_40 PDF set, member #0, version 1; LHAPDF ID = 93100
LHAPDF 6.5.5 loading /home/zeno/MG5_aMC_v3_7_0_working/HEPTools/lhapdf6_py3//share/LHAPDF/PDF4LHC21_40/PDF4LHC21_40_0000.dat
PDF4LHC21_40 PDF set, member #0, version 1; LHAPDF ID = 93100
LHAPDF 6.5.5 loading /home/zeno/MG5_aMC_v3_7_0_working/HEPTools/lhapdf6_py3//share/LHAPDF/PDF4LHC21_40/PDF4LHC21_40_0000.dat
PDF4LHC21_40 PDF set, member #0, version 1; LHAPDF ID = 93100
LHAPDF 6.5.5 loading /home/zeno/MG5_aMC_v3_7_0_working/HEPTools/lhapdf6_py3//share/LHAPDF/PDF4LHC21_40/PDF4LHC21_40_0000.dat
PDF4LHC21_40 PDF set, member #0, version 1; LHAPDF ID = 93100
LHAPDF 6.5.5 loading /home/zeno/MG5_aMC_v3_7_0_working/HEPTools/lhapdf6_py3//share/LHAPDF/PDF4LHC21_40/PDF4LHC21_40_0000.dat
PDF4LHC21_40 PDF set, member #0, version 1; LHAPDF ID = 93100
LHAPDF 6.5.5 loading /home/zeno/MG5_aMC_v3_7_0_working/HEPTools/lhapdf6_py3//share/LHAPDF/PDF4LHC21_40/PDF4LHC21_40_0000.dat
PDF4LHC21_40 PDF set, member #0, version 1; LHAPDF ID = 93100
LHAPDF 6.5.5 loading /home/zeno/MG5_aMC_v3_7_0_working/HEPTools/lhapdf6_py3//share/LHAPDF/PDF4LHC21_40/PDF4LHC21_40_0000.dat
PDF4LHC21_40 PDF set, member #0, version 1; LHAPDF ID = 93100
LHAPDF 6.5.5 loading /home/zeno/MG5_aMC_v3_7_0_working/HEPTools/lhapdf6_py3//share/LHAPDF/PDF4LHC21_40/PDF4LHC21_40_0000.dat
PDF4LHC21_40 PDF set, member #0, version 1; LHAPDF ID = 93100LHAPDF LHAPDF 
6.5.56.5.5 loading  loading /home/zeno/MG5_aMC_v3_7_0_working/HEPTools/lhapdf6_py3//share/LHAPDF/PDF4LHC21_40/PDF4LHC21_40_0000.dat/home/zeno/MG5_aMC_v3_7_0_working/HEPTools/lhapdf6_py3//share/LHAPDF/PDF4LHC21_40/PDF4LHC21_40_0000.dat

PDF4LHC21_40 PDF set, member #0, version 1; LHAPDF ID = 93100PDF4LHC21_40 PDF set, member #0, version 1; LHAPDF ID = 93100

LHAPDF 6.5.5 loading /home/zeno/MG5_aMC_v3_7_0_working/HEPTools/lhapdf6_py3//share/LHAPDF/PDF4LHC21_40/PDF4LHC21_40_0000.dat
PDF4LHC21_40 PDF set, member #0, version 1; LHAPDF ID = 93100
LHAPDF 6.5.5 loading /home/zeno/MG5_aMC_v3_7_0_working/HEPTools/lhapdf6_py3//share/LHAPDF/PDF4LHC21_40/PDF4LHC21_40_0000.dat
PDF4LHC21_40 PDF set, member #0, version 1; LHAPDF ID = 93100
LHAPDF 6.5.5 loading /home/zeno/MG5_aMC_v3_7_0_working/HEPTools/lhapdf6_py3//share/LHAPDF/PDF4LHC21_40/PDF4LHC21_40_0000.dat
PDF4LHC21_40 PDF set, member #0, version 1; LHAPDF ID = 93100
LHAPDF 6.5.5 loading /home/zeno/MG5_aMC_v3_7_0_working/HEPTools/lhapdf6_py3//share/LHAPDF/PDF4LHC21_40/PDF4LHC21_40_0000.dat
PDF4LHC21_40 PDF set, member #0, version 1; LHAPDF ID = 93100
LHAPDF 6.5.5 loading /home/zeno/MG5_aMC_v3_7_0_working/HEPTools/lhapdf6_py3//share/LHAPDF/PDF4LHC21_40/PDF4LHC21_40_0000.dat
PDF4LHC21_40 PDF set, member #0, version 1; LHAPDF ID = 93100
LHAPDF 6.5.5 loading /home/zeno/MG5_aMC_v3_7_0_working/HEPTools/lhapdf6_py3//share/LHAPDF/PDF4LHC21_40/PDF4LHC21_40_0000.dat
PDF4LHC21_40 PDF set, member #0, version 1; LHAPDF ID = 93100
LHAPDF 6.5.5 loading /home/zeno/MG5_aMC_v3_7_0_working/HEPTools/lhapdf6_py3//share/LHAPDF/PDF4LHC21_40/PDF4LHC21_40_0000.dat
PDF4LHC21_40 PDF set, member #0, version 1; LHAPDF ID = 93100
LHAPDF 6.5.5 loading /home/zeno/MG5_aMC_v3_7_0_working/HEPTools/lhapdf6_py3//share/LHAPDF/PDF4LHC21_40/PDF4LHC21_40_0000.dat
PDF4LHC21_40 PDF set, member #0, version 1; LHAPDF ID = 93100
LHAPDF 6.5.5 loading /home/zeno/MG5_aMC_v3_7_0_working/HEPTools/lhapdf6_py3//share/LHAPDF/PDF4LHC21_40/PDF4LHC21_40_0000.dat
PDF4LHC21_40 PDF set, member #0, version 1; LHAPDF ID = 93100
LHAPDF 6.5.5 loading /home/zeno/MG5_aMC_v3_7_0_working/HEPTools/lhapdf6_py3//share/LHAPDF/PDF4LHC21_40/PDF4LHC21_40_0000.dat
PDF4LHC21_40 PDF set, member #0, version 1; LHAPDF ID = 93100
LHAPDF 6.5.5 loading /home/zeno/MG5_aMC_v3_7_0_working/HEPTools/lhapdf6_py3//share/LHAPDF/PDF4LHC21_40/PDF4LHC21_40_0000.dat
PDF4LHC21_40 PDF set, member #0, version 1; LHAPDF ID = 93100
LHAPDF 6.5.5 loading /home/zeno/MG5_aMC_v3_7_0_working/HEPTools/lhapdf6_py3//share/LHAPDF/PDF4LHC21_40/PDF4LHC21_40_0000.dat
PDF4LHC21_40 PDF set, member #0, version 1; LHAPDF ID = 93100
LHAPDF 6.5.5 loading /home/zeno/MG5_aMC_v3_7_0_working/HEPTools/lhapdf6_py3//share/LHAPDF/PDF4LHC21_40/PDF4LHC21_40_0000.dat
PDF4LHC21_40 PDF set, member #0, version 1; LHAPDF ID = 93100
LHAPDF 6.5.5 loading /home/zeno/MG5_aMC_v3_7_0_working/HEPTools/lhapdf6_py3//share/LHAPDF/PDF4LHC21_40/PDF4LHC21_40_0000.dat
PDF4LHC21_40 PDF set, member #0, version 1; LHAPDF ID = 93100
LHAPDF 6.5.5 loading /home/zeno/MG5_aMC_v3_7_0_working/HEPTools/lhapdf6_py3//share/LHAPDF/PDF4LHC21_40/PDF4LHC21_40_0000.dat
PDF4LHC21_40 PDF set, member #0, version 1; LHAPDF ID = 93100
LHAPDF 6.5.5 loading /home/zeno/MG5_aMC_v3_7_0_working/HEPTools/lhapdf6_py3//share/LHAPDF/PDF4LHC21_40/PDF4LHC21_40_0000.dat
PDF4LHC21_40 PDF set, member #0, version 1; LHAPDF ID = 93100
LHAPDF 6.5.5 loading /home/zeno/MG5_aMC_v3_7_0_working/HEPTools/lhapdf6_py3//share/LHAPDF/PDF4LHC21_40/PDF4LHC21_40_0000.dat
PDF4LHC21_40 PDF set, member #0, version 1; LHAPDF ID = 93100
LHAPDF 6.5.5 loading /home/zeno/MG5_aMC_v3_7_0_working/HEPTools/lhapdf6_py3//share/LHAPDF/PDF4LHC21_40/PDF4LHC21_40_0000.dat
PDF4LHC21_40 PDF set, member #0, version 1; LHAPDF ID = 93100
LHAPDF 6.5.5 loading /home/zeno/MG5_aMC_v3_7_0_working/HEPTools/lhapdf6_py3//share/LHAPDF/PDF4LHC21_40/PDF4LHC21_40_0000.dat
PDF4LHC21_40 PDF set, member #0, version 1; LHAPDF ID = 93100
LHAPDF 6.5.5 loading /home/zeno/MG5_aMC_v3_7_0_working/HEPTools/lhapdf6_py3//share/LHAPDF/PDF4LHC21_40/PDF4LHC21_40_0000.dat
PDF4LHC21_40 PDF set, member #0, version 1; LHAPDF ID = 93100
LHAPDF 6.5.5 loading /home/zeno/MG5_aMC_v3_7_0_working/HEPTools/lhapdf6_py3//share/LHAPDF/PDF4LHC21_40/PDF4LHC21_40_0000.dat
PDF4LHC21_40 PDF set, member #0, version 1; LHAPDF ID = 93100
LHAPDF 6.5.5 loading /home/zeno/MG5_aMC_v3_7_0_working/HEPTools/lhapdf6_py3//share/LHAPDF/PDF4LHC21_40/PDF4LHC21_40_0000.dat
PDF4LHC21_40 PDF set, member #0, version 1; LHAPDF ID = 93100
LHAPDF 6.5.5 loading /home/zeno/MG5_aMC_v3_7_0_working/HEPTools/lhapdf6_py3//share/LHAPDF/PDF4LHC21_40/PDF4LHC21_40_0000.dat
PDF4LHC21_40 PDF set, member #0, version 1; LHAPDF ID = 93100
LHAPDF 6.5.5 loading /home/zeno/MG5_aMC_v3_7_0_working/HEPTools/lhapdf6_py3//share/LHAPDF/PDF4LHC21_40/PDF4LHC21_40_0000.dat
PDF4LHC21_40 PDF set, member #0, version 1; LHAPDF ID = 93100
LHAPDF 6.5.5 loading /home/zeno/MG5_aMC_v3_7_0_working/HEPTools/lhapdf6_py3//share/LHAPDF/PDF4LHC21_40/PDF4LHC21_40_0000.dat
PDF4LHC21_40 PDF set, member #0, version 1; LHAPDF ID = 93100
LHAPDF 6.5.5 loading /home/zeno/MG5_aMC_v3_7_0_working/HEPTools/lhapdf6_py3//share/LHAPDF/PDF4LHC21_40/PDF4LHC21_40_0000.dat
PDF4LHC21_40 PDF set, member #0, version 1; LHAPDF ID = 93100
LHAPDF 6.5.5 loading /home/zeno/MG5_aMC_v3_7_0_working/HEPTools/lhapdf6_py3//share/LHAPDF/PDF4LHC21_40/PDF4LHC21_40_0000.dat
PDF4LHC21_40 PDF set, member #0, version 1; LHAPDF ID = 93100
LHAPDF 6.5.5 loading /home/zeno/MG5_aMC_v3_7_0_working/HEPTools/lhapdf6_py3//share/LHAPDF/PDF4LHC21_40/PDF4LHC21_40_0000.dat
PDF4LHC21_40 PDF set, member #0, version 1; LHAPDF ID = 93100
LHAPDF 6.5.5 loading /home/zeno/MG5_aMC_v3_7_0_working/HEPTools/lhapdf6_py3//share/LHAPDF/PDF4LHC21_40/PDF4LHC21_40_0000.dat
PDF4LHC21_40 PDF set, member #0, version 1; LHAPDF ID = 93100
LHAPDF 6.5.5 loading /home/zeno/MG5_aMC_v3_7_0_working/HEPTools/lhapdf6_py3//share/LHAPDF/PDF4LHC21_40/PDF4LHC21_40_0000.dat
PDF4LHC21_40 PDF set, member #0, version 1; LHAPDF ID = 93100
LHAPDF 6.5.5 loading /home/zeno/MG5_aMC_v3_7_0_working/HEPTools/lhapdf6_py3//share/LHAPDF/PDF4LHC21_40/PDF4LHC21_40_0000.dat
PDF4LHC21_40 PDF set, member #0, version 1; LHAPDF ID = 93100
LHAPDF 6.5.5 loading /home/zeno/MG5_aMC_v3_7_0_working/HEPTools/lhapdf6_py3//share/LHAPDF/PDF4LHC21_40/PDF4LHC21_40_0000.dat
PDF4LHC21_40 PDF set, member #0, version 1; LHAPDF ID = 93100
LHAPDF 6.5.5 loading /home/zeno/MG5_aMC_v3_7_0_working/HEPTools/lhapdf6_py3//share/LHAPDF/PDF4LHC21_40/PDF4LHC21_40_0000.dat
PDF4LHC21_40 PDF set, member #0, version 1; LHAPDF ID = 93100
LHAPDF 6.5.5 loading /home/zeno/MG5_aMC_v3_7_0_working/HEPTools/lhapdf6_py3//share/LHAPDF/PDF4LHC21_40/PDF4LHC21_40_0000.dat
PDF4LHC21_40 PDF set, member #0, version 1; LHAPDF ID = 93100
LHAPDF 6.5.5 loading /home/zeno/MG5_aMC_v3_7_0_working/HEPTools/lhapdf6_py3//share/LHAPDF/PDF4LHC21_40/PDF4LHC21_40_0000.dat
PDF4LHC21_40 PDF set, member #0, version 1; LHAPDF ID = 93100
LHAPDF 6.5.5 loading /home/zeno/MG5_aMC_v3_7_0_working/HEPTools/lhapdf6_py3//share/LHAPDF/PDF4LHC21_40/PDF4LHC21_40_0000.dat
PDF4LHC21_40 PDF set, member #0, version 1; LHAPDF ID = 93100
LHAPDF 6.5.5 loading /home/zeno/MG5_aMC_v3_7_0_working/HEPTools/lhapdf6_py3//share/LHAPDF/PDF4LHC21_40/PDF4LHC21_40_0000.dat
PDF4LHC21_40 PDF set, member #0, version 1; LHAPDF ID = 93100
LHAPDF 6.5.5 loading /home/zeno/MG5_aMC_v3_7_0_working/HEPTools/lhapdf6_py3//share/LHAPDF/PDF4LHC21_40/PDF4LHC21_40_0000.dat
PDF4LHC21_40 PDF set, member #0, version 1; LHAPDF ID = 93100
LHAPDF 6.5.5 loading /home/zeno/MG5_aMC_v3_7_0_working/HEPTools/lhapdf6_py3//share/LHAPDF/PDF4LHC21_40/PDF4LHC21_40_0000.dat
PDF4LHC21_40 PDF set, member #0, version 1; LHAPDF ID = 93100
LHAPDF 6.5.5 loading /home/zeno/MG5_aMC_v3_7_0_working/HEPTools/lhapdf6_py3//share/LHAPDF/PDF4LHC21_40/PDF4LHC21_40_0000.dat
PDF4LHC21_40 PDF set, member #0, version 1; LHAPDF ID = 93100
LHAPDF 6.5.5 loading /home/zeno/MG5_aMC_v3_7_0_working/HEPTools/lhapdf6_py3//share/LHAPDF/PDF4LHC21_40/PDF4LHC21_40_0000.dat
PDF4LHC21_40 PDF set, member #0, version 1; LHAPDF ID = 93100
LHAPDF 6.5.5 loading /home/zeno/MG5_aMC_v3_7_0_working/HEPTools/lhapdf6_py3//share/LHAPDF/PDF4LHC21_40/PDF4LHC21_40_0000.dat
PDF4LHC21_40 PDF set, member #0, version 1; LHAPDF ID = 93100
LHAPDF 6.5.5 loading /home/zeno/MG5_aMC_v3_7_0_working/HEPTools/lhapdf6_py3//share/LHAPDF/PDF4LHC21_40/PDF4LHC21_40_0000.dat
PDF4LHC21_40 PDF set, member #0, version 1; LHAPDF ID = 93100
LHAPDF 6.5.5 loading /home/zeno/MG5_aMC_v3_7_0_working/HEPTools/lhapdf6_py3//share/LHAPDF/PDF4LHC21_40/PDF4LHC21_40_0000.dat
PDF4LHC21_40 PDF set, member #0, version 1; LHAPDF ID = 93100
LHAPDF 6.5.5 loading /home/zeno/MG5_aMC_v3_7_0_working/HEPTools/lhapdf6_py3//share/LHAPDF/PDF4LHC21_40/PDF4LHC21_40_0000.dat
PDF4LHC21_40 PDF set, member #0, version 1; LHAPDF ID = 93100
LHAPDF 6.5.5 loading /home/zeno/MG5_aMC_v3_7_0_working/HEPTools/lhapdf6_py3//share/LHAPDF/PDF4LHC21_40/PDF4LHC21_40_0000.dat
PDF4LHC21_40 PDF set, member #0, version 1; LHAPDF ID = 93100
LHAPDF 6.5.5 loading /home/zeno/MG5_aMC_v3_7_0_working/HEPTools/lhapdf6_py3//share/LHAPDF/PDF4LHC21_40/PDF4LHC21_40_0000.dat
PDF4LHC21_40 PDF set, member #0, version 1; LHAPDF ID = 93100
LHAPDF 6.5.5 loading /home/zeno/MG5_aMC_v3_7_0_working/HEPTools/lhapdf6_py3//share/LHAPDF/PDF4LHC21_40/PDF4LHC21_40_0000.dat
PDF4LHC21_40 PDF set, member #0, version 1; LHAPDF ID = 93100
LHAPDF 6.5.5 loading /home/zeno/MG5_aMC_v3_7_0_working/HEPTools/lhapdf6_py3//share/LHAPDF/PDF4LHC21_40/PDF4LHC21_40_0000.dat
PDF4LHC21_40 PDF set, member #0, version 1; LHAPDF ID = 93100
LHAPDF 6.5.5 loading /home/zeno/MG5_aMC_v3_7_0_working/HEPTools/lhapdf6_py3//share/LHAPDF/PDF4LHC21_40/PDF4LHC21_40_0000.dat
PDF4LHC21_40 PDF set, member #0, version 1; LHAPDF ID = 93100
LHAPDF 6.5.5 loading /home/zeno/MG5_aMC_v3_7_0_working/HEPTools/lhapdf6_py3//share/LHAPDF/PDF4LHC21_40/PDF4LHC21_40_0000.dat
PDF4LHC21_40 PDF set, member #0, version 1; LHAPDF ID = 93100
LHAPDF 6.5.5 loading /home/zeno/MG5_aMC_v3_7_0_working/HEPTools/lhapdf6_py3//share/LHAPDF/PDF4LHC21_40/PDF4LHC21_40_0000.dat
PDF4LHC21_40 PDF set, member #0, version 1; LHAPDF ID = 93100
LHAPDF 6.5.5 loading /home/zeno/MG5_aMC_v3_7_0_working/HEPTools/lhapdf6_py3//share/LHAPDF/PDF4LHC21_40/PDF4LHC21_40_0000.dat
PDF4LHC21_40 PDF set, member #0, version 1; LHAPDF ID = 93100
LHAPDF 6.5.5 loading /home/zeno/MG5_aMC_v3_7_0_working/HEPTools/lhapdf6_py3//share/LHAPDF/PDF4LHC21_40/PDF4LHC21_40_0000.dat
PDF4LHC21_40 PDF set, member #0, version 1; LHAPDF ID = 93100
LHAPDF 6.5.5 loading /home/zeno/MG5_aMC_v3_7_0_working/HEPTools/lhapdf6_py3//share/LHAPDF/PDF4LHC21_40/PDF4LHC21_40_0000.dat
PDF4LHC21_40 PDF set, member #0, version 1; LHAPDF ID = 93100
LHAPDF 6.5.5 loading /home/zeno/MG5_aMC_v3_7_0_working/HEPTools/lhapdf6_py3//share/LHAPDF/PDF4LHC21_40/PDF4LHC21_40_0000.dat
PDF4LHC21_40 PDF set, member #0, version 1; LHAPDF ID = 93100
LHAPDF 6.5.5 loading /home/zeno/MG5_aMC_v3_7_0_working/HEPTools/lhapdf6_py3//share/LHAPDF/PDF4LHC21_40/PDF4LHC21_40_0000.dat
PDF4LHC21_40 PDF set, member #0, version 1; LHAPDF ID = 93100
LHAPDF 6.5.5 loading /home/zeno/MG5_aMC_v3_7_0_working/HEPTools/lhapdf6_py3//share/LHAPDF/PDF4LHC21_40/PDF4LHC21_40_0000.dat
PDF4LHC21_40 PDF set, member #0, version 1; LHAPDF ID = 93100
LHAPDF 6.5.5 loading /home/zeno/MG5_aMC_v3_7_0_working/HEPTools/lhapdf6_py3//share/LHAPDF/PDF4LHC21_40/PDF4LHC21_40_0000.dat
PDF4LHC21_40 PDF set, member #0, version 1; LHAPDF ID = 93100
LHAPDF 6.5.5 loading /home/zeno/MG5_aMC_v3_7_0_working/HEPTools/lhapdf6_py3//share/LHAPDF/PDF4LHC21_40/PDF4LHC21_40_0000.dat
PDF4LHC21_40 PDF set, member #0, version 1; LHAPDF ID = 93100
LHAPDF 6.5.5 loading /home/zeno/MG5_aMC_v3_7_0_working/HEPTools/lhapdf6_py3//share/LHAPDF/PDF4LHC21_40/PDF4LHC21_40_0000.dat
PDF4LHC21_40 PDF set, member #0, version 1; LHAPDF ID = 93100
LHAPDF 6.5.5 loading /home/zeno/MG5_aMC_v3_7_0_working/HEPTools/lhapdf6_py3//share/LHAPDF/PDF4LHC21_40/PDF4LHC21_40_0000.dat
PDF4LHC21_40 PDF set, member #0, version 1; LHAPDF ID = 93100
LHAPDF 6.5.5 loading /home/zeno/MG5_aMC_v3_7_0_working/HEPTools/lhapdf6_py3//share/LHAPDF/PDF4LHC21_40/PDF4LHC21_40_0000.dat
PDF4LHC21_40 PDF set, member #0, version 1; LHAPDF ID = 93100
LHAPDF 6.5.5 loading /home/zeno/MG5_aMC_v3_7_0_working/HEPTools/lhapdf6_py3//share/LHAPDF/PDF4LHC21_40/PDF4LHC21_40_0000.dat
PDF4LHC21_40 PDF set, member #0, version 1; LHAPDF ID = 93100
LHAPDF 6.5.5 loading /home/zeno/MG5_aMC_v3_7_0_working/HEPTools/lhapdf6_py3//share/LHAPDF/PDF4LHC21_40/PDF4LHC21_40_0000.dat
PDF4LHC21_40 PDF set, member #0, version 1; LHAPDF ID = 93100
LHAPDF 6.5.5 loading /home/zeno/MG5_aMC_v3_7_0_working/HEPTools/lhapdf6_py3//share/LHAPDF/PDF4LHC21_40/PDF4LHC21_40_0000.dat
PDF4LHC21_40 PDF set, member #0, version 1; LHAPDF ID = 93100
LHAPDF 6.5.5 loading /home/zeno/MG5_aMC_v3_7_0_working/HEPTools/lhapdf6_py3//share/LHAPDF/PDF4LHC21_40/PDF4LHC21_40_0000.dat
PDF4LHC21_40 PDF set, member #0, version 1; LHAPDF ID = 93100
LHAPDF 6.5.5 loading /home/zeno/MG5_aMC_v3_7_0_working/HEPTools/lhapdf6_py3//share/LHAPDF/PDF4LHC21_40/PDF4LHC21_40_0000.dat
PDF4LHC21_40 PDF set, member #0, version 1; LHAPDF ID = 93100
LHAPDF 6.5.5 loading /home/zeno/MG5_aMC_v3_7_0_working/HEPTools/lhapdf6_py3//share/LHAPDF/PDF4LHC21_40/PDF4LHC21_40_0000.dat
PDF4LHC21_40 PDF set, member #0, version 1; LHAPDF ID = 93100
LHAPDF 6.5.5 loading /home/zeno/MG5_aMC_v3_7_0_working/HEPTools/lhapdf6_py3//share/LHAPDF/PDF4LHC21_40/PDF4LHC21_40_0000.dat
PDF4LHC21_40 PDF set, member #0, version 1; LHAPDF ID = 93100
LHAPDF 6.5.5 loading /home/zeno/MG5_aMC_v3_7_0_working/HEPTools/lhapdf6_py3//share/LHAPDF/PDF4LHC21_40/PDF4LHC21_40_0000.dat
PDF4LHC21_40 PDF set, member #0, version 1; LHAPDF ID = 93100
LHAPDF 6.5.5 loading /home/zeno/MG5_aMC_v3_7_0_working/HEPTools/lhapdf6_py3//share/LHAPDF/PDF4LHC21_40/PDF4LHC21_40_0000.dat
PDF4LHC21_40 PDF set, member #0, version 1; LHAPDF ID = 93100
LHAPDF 6.5.5 loading /home/zeno/MG5_aMC_v3_7_0_working/HEPTools/lhapdf6_py3//share/LHAPDF/PDF4LHC21_40/PDF4LHC21_40_0000.dat
PDF4LHC21_40 PDF set, member #0, version 1; LHAPDF ID = 93100
LHAPDF 6.5.5 loading /home/zeno/MG5_aMC_v3_7_0_working/HEPTools/lhapdf6_py3//share/LHAPDF/PDF4LHC21_40/PDF4LHC21_40_0000.dat
PDF4LHC21_40 PDF set, member #0, version 1; LHAPDF ID = 93100
LHAPDF 6.5.5 loading /home/zeno/MG5_aMC_v3_7_0_working/HEPTools/lhapdf6_py3//share/LHAPDF/PDF4LHC21_40/PDF4LHC21_40_0000.dat
PDF4LHC21_40 PDF set, member #0, version 1; LHAPDF ID = 93100
LHAPDF 6.5.5 loading /home/zeno/MG5_aMC_v3_7_0_working/HEPTools/lhapdf6_py3//share/LHAPDF/PDF4LHC21_40/PDF4LHC21_40_0000.dat
PDF4LHC21_40 PDF set, member #0, version 1; LHAPDF ID = 93100
LHAPDF 6.5.5 loading /home/zeno/MG5_aMC_v3_7_0_working/HEPTools/lhapdf6_py3//share/LHAPDF/PDF4LHC21_40/PDF4LHC21_40_0000.dat
PDF4LHC21_40 PDF set, member #0, version 1; LHAPDF ID = 93100
LHAPDF 6.5.5 loading /home/zeno/MG5_aMC_v3_7_0_working/HEPTools/lhapdf6_py3//share/LHAPDF/PDF4LHC21_40/PDF4LHC21_40_0000.dat
PDF4LHC21_40 PDF set, member #0, version 1; LHAPDF ID = 93100
LHAPDF 6.5.5 loading /home/zeno/MG5_aMC_v3_7_0_working/HEPTools/lhapdf6_py3//share/LHAPDF/PDF4LHC21_40/PDF4LHC21_40_0000.dat
PDF4LHC21_40 PDF set, member #0, version 1; LHAPDF ID = 93100
LHAPDF 6.5.5 loading /home/zeno/MG5_aMC_v3_7_0_working/HEPTools/lhapdf6_py3//share/LHAPDF/PDF4LHC21_40/PDF4LHC21_40_0000.dat
PDF4LHC21_40 PDF set, member #0, version 1; LHAPDF ID = 93100
LHAPDF 6.5.5 loading /home/zeno/MG5_aMC_v3_7_0_working/HEPTools/lhapdf6_py3//share/LHAPDF/PDF4LHC21_40/PDF4LHC21_40_0000.dat
PDF4LHC21_40 PDF set, member #0, version 1; LHAPDF ID = 93100
LHAPDF 6.5.5 loading /home/zeno/MG5_aMC_v3_7_0_working/HEPTools/lhapdf6_py3//share/LHAPDF/PDF4LHC21_40/PDF4LHC21_40_0000.dat
PDF4LHC21_40 PDF set, member #0, version 1; LHAPDF ID = 93100
DY_PAIRED {"event": "stage_start", "status": "learning_2"}
DY_PAIRED {"event": "stage_start", "status": "learning_3"}
DY_PAIRED {"event": "grid_frozen", "status": "learning_3"}
DY_PAIRED {"event": "stage_start", "status": "production"}
DY_PAIRED {"event": "progress", "status": "production", "production_packets": 122368}
DY_PAIRED {"event": "progress", "status": "production", "production_packets": 246272}
DY_PAIRED {"event": "progress", "status": "production", "production_packets": 269824}
DY_PAIRED {"event": "progress", "status": "production", "production_packets": 285184}
DY_PAIRED {"event": "progress", "status": "production", "production_packets": 299520}
DY_PAIRED {"event": "progress", "status": "production", "production_packets": 343552}
DY_PAIRED {"event": "progress", "status": "production", "production_packets": 357376}
DY_PAIRED {"event": "progress", "status": "production", "production_packets": 393216}
DY_PAIRED {"event": "progress", "status": "production", "production_packets": 413184}
DY_PAIRED {"event": "progress", "status": "production", "production_packets": 431104}
DY_PAIRED {"event": "progress", "status": "production", "production_packets": 468992}
DY_PAIRED {"event": "progress", "status": "production", "production_packets": 481280}
DY_PAIRED {"event": "progress", "status": "production", "production_packets": 514560}
DY_PAIRED {"event": "progress", "status": "production", "production_packets": 541696}
DY_PAIRED {"event": "progress", "status": "production", "production_packets": 560640}
DY_PAIRED {"event": "progress", "status": "production", "production_packets": 597504}
DY_PAIRED {"event": "progress", "status": "production", "production_packets": 611328}
DY_PAIRED {"event": "progress", "status": "production", "production_packets": 640512}
DY_PAIRED {"event": "progress", "status": "production", "production_packets": 666624}
DY_PAIRED {"event": "progress", "status": "production", "production_packets": 687104}
DY_PAIRED {"event": "progress", "status": "production", "production_packets": 725504}
DY_PAIRED {"event": "progress", "status": "production", "production_packets": 742912}
DY_PAIRED {"event": "progress", "status": "production", "production_packets": 770048}
DY_PAIRED {"event": "progress", "status": "production", "production_packets": 796672}
DY_PAIRED {"event": "progress", "status": "production", "production_packets": 824320}
DY_PAIRED {"event": "progress", "status": "production", "production_packets": 849408}
DY_PAIRED {"event": "progress", "status": "production", "production_packets": 873984}
DY_PAIRED {"event": "progress", "status": "production", "production_packets": 901120}
DY_PAIRED {"event": "progress", "status": "production", "production_packets": 924160}
DY_PAIRED {"event": "progress", "status": "production", "production_packets": 950784}
DY_PAIRED {"event": "progress", "status": "production", "production_packets": 977920}
DY_PAIRED {"event": "progress", "status": "production", "production_packets": 1009664}
DY_PAIRED {"event": "progress", "status": "production", "production_packets": 1034240}
DY_PAIRED {"event": "progress", "status": "production", "production_packets": 1056256}
DY_PAIRED {"event": "progress", "status": "production", "production_packets": 1083904}
DY_PAIRED {"event": "progress", "status": "production", "production_packets": 1108992}
DY_PAIRED {"event": "progress", "status": "production", "production_packets": 1142784}
DY_PAIRED {"event": "progress", "status": "production", "production_packets": 1166336}
DY_PAIRED {"event": "progress", "status": "production", "production_packets": 1191936}
DY_PAIRED {"event": "progress", "status": "production", "production_packets": 1219584}
DY_PAIRED {"event": "progress", "status": "production", "production_packets": 1243136}
DY_PAIRED {"event": "progress", "status": "production", "production_packets": 1264640}
DY_PAIRED {"event": "progress", "status": "production", "production_packets": 1290752}
DY_PAIRED {"event": "progress", "status": "production", "production_packets": 1318400}
DY_PAIRED {"event": "progress", "status": "production", "production_packets": 1342464}
DY_PAIRED {"event": "progress", "status": "production", "production_packets": 1369088}
DY_PAIRED {"event": "progress", "status": "production", "production_packets": 1392640}
DY_PAIRED {"event": "progress", "status": "production", "production_packets": 1420288}
DY_PAIRED {"event": "progress", "status": "production", "production_packets": 1444864}
DY_PAIRED {"event": "progress", "status": "production", "production_packets": 1467392}
DY_PAIRED {"event": "progress", "status": "production", "production_packets": 1498624}
DY_PAIRED {"event": "progress", "status": "production", "production_packets": 1522688}
DY_PAIRED {"event": "progress", "status": "production", "production_packets": 1551360}
DY_PAIRED {"event": "progress", "status": "production", "production_packets": 1577984}
DY_PAIRED {"event": "progress", "status": "production", "production_packets": 1603584}
DY_PAIRED {"event": "progress", "status": "production", "production_packets": 1632768}
DY_PAIRED {"event": "progress", "status": "production", "production_packets": 1656832}
DY_PAIRED {"event": "progress", "status": "production", "production_packets": 1682432}
DY_PAIRED {"event": "progress", "status": "production", "production_packets": 1707008}
DY_PAIRED {"event": "progress", "status": "production", "production_packets": 1735680}
DY_PAIRED {"event": "progress", "status": "production", "production_packets": 1754624}
DY_PAIRED {"event": "progress", "status": "production", "production_packets": 1863680}
DY_PAIRED {"event": "progress", "status": "production", "production_packets": 2006016}
DY_PAIRED {"event": "progress", "status": "production", "production_packets": 2040320}
DY_PAIRED {"event": "progress", "status": "production", "production_packets": 2059264}
DY_PAIRED {"event": "progress", "status": "production", "production_packets": 2077184}
DY_PAIRED {"event": "checkpoint", "status": "production", "production_packets": 2097152, "central_pb": 5.873693342048747e-06, "error_pb": 1.7505580962435998e-08}
DY_PAIRED {"event": "stage_start", "status": "production", "production_packets": 2097152, "central_pb": 5.873693342048747e-06, "error_pb": 1.7505580962435998e-08}
DY_PAIRED {"event": "progress", "status": "production", "production_packets": 2097664, "central_pb": 5.873693342048747e-06, "error_pb": 1.7505580962435998e-08}
DY_PAIRED {"event": "progress", "status": "production", "production_packets": 2160640, "central_pb": 5.873693342048747e-06, "error_pb": 1.7505580962435998e-08}
DY_PAIRED {"event": "progress", "status": "production", "production_packets": 2163200, "central_pb": 5.873693342048747e-06, "error_pb": 1.7505580962435998e-08}
DY_PAIRED {"event": "progress", "status": "production", "production_packets": 2219520, "central_pb": 5.873693342048747e-06, "error_pb": 1.7505580962435998e-08}
DY_PAIRED {"event": "progress", "status": "production", "production_packets": 2228224, "central_pb": 5.873693342048747e-06, "error_pb": 1.7505580962435998e-08}
DY_PAIRED {"event": "progress", "status": "production", "production_packets": 2254848, "central_pb": 5.873693342048747e-06, "error_pb": 1.7505580962435998e-08}
DY_PAIRED {"event": "progress", "status": "production", "production_packets": 2292224, "central_pb": 5.873693342048747e-06, "error_pb": 1.7505580962435998e-08}
DY_PAIRED {"event": "progress", "status": "production", "production_packets": 2413568, "central_pb": 5.873693342048747e-06, "error_pb": 1.7505580962435998e-08}
DY_PAIRED {"event": "progress", "status": "production", "production_packets": 2556416, "central_pb": 5.873693342048747e-06, "error_pb": 1.7505580962435998e-08}
DY_PAIRED {"event": "progress", "status": "production", "production_packets": 2717696, "central_pb": 5.873693342048747e-06, "error_pb": 1.7505580962435998e-08}
DY_PAIRED {"event": "progress", "status": "production", "production_packets": 2871808, "central_pb": 5.873693342048747e-06, "error_pb": 1.7505580962435998e-08}
DY_PAIRED {"event": "progress", "status": "production", "production_packets": 3024896, "central_pb": 5.873693342048747e-06, "error_pb": 1.7505580962435998e-08}
DY_PAIRED {"event": "progress", "status": "production", "production_packets": 3187200, "central_pb": 5.873693342048747e-06, "error_pb": 1.7505580962435998e-08}
DY_PAIRED {"event": "progress", "status": "production", "production_packets": 3344384, "central_pb": 5.873693342048747e-06, "error_pb": 1.7505580962435998e-08}
DY_PAIRED {"event": "progress", "status": "production", "production_packets": 3506688, "central_pb": 5.873693342048747e-06, "error_pb": 1.7505580962435998e-08}
DY_PAIRED {"event": "progress", "status": "production", "production_packets": 3668480, "central_pb": 5.873693342048747e-06, "error_pb": 1.7505580962435998e-08}
DY_PAIRED {"event": "progress", "status": "production", "production_packets": 3819008, "central_pb": 5.873693342048747e-06, "error_pb": 1.7505580962435998e-08}
DY_PAIRED {"event": "progress", "status": "production", "production_packets": 3981824, "central_pb": 5.873693342048747e-06, "error_pb": 1.7505580962435998e-08}
DY_PAIRED {"event": "progress", "status": "production", "production_packets": 4129792, "central_pb": 5.873693342048747e-06, "error_pb": 1.7505580962435998e-08}
DY_PAIRED {"event": "checkpoint", "status": "production", "production_packets": 4194304, "central_pb": 5.9021924699248995e-06, "error_pb": 9.369118872132179e-09}
Thanks for using LHAPDF 6.5.5. Please make sure to cite the paper:
  Eur.Phys.J. C75 (2015) 3, 132  (http://arxiv.org/abs/1412.7420)Thanks for using LHAPDF 
6.5.5. Please make sure to cite the paper:
  Eur.Phys.J. C75 (2015) 3, 132  (http://arxiv.org/abs/1412.7420)
Thanks for using LHAPDF 6.5.5. Please make sure to cite the paper:
  Eur.Phys.J. C75 (2015) 3, 132  (http://arxiv.org/abs/1412.7420)
Thanks for using LHAPDF 6.5.5. Please make sure to cite the paper:
  Eur.Phys.J. C75 (2015) 3, 132  (http://arxiv.org/abs/1412.7420)
Thanks for using LHAPDF 6.5.5. Please make sure to cite the paper:
  Eur.Phys.J. C75 (2015) 3, 132  (http://arxiv.org/abs/1412.7420)
Thanks for using LHAPDF 6.5.5. Please make sure to cite the paper:
  Eur.Phys.J. C75 (2015) 3, 132  (http://arxiv.org/abs/1412.7420)
Thanks for using LHAPDF 6.5.5. Please make sure to cite the paper:
  Eur.Phys.J. C75 (2015) 3, 132  (http://arxiv.org/abs/1412.7420)
Thanks for using LHAPDF 6.5.5. Please make sure to cite the paper:
  Eur.Phys.J. C75 (2015) 3, 132  (http://arxiv.org/abs/1412.7420)
Thanks for using LHAPDF 6.5.5. Please make sure to cite the paper:
  Eur.Phys.J. C75 (2015) 3, 132  (http://arxiv.org/abs/1412.7420)
Thanks for using LHAPDF 6.5.5. Please make sure to cite the paper:
  Eur.Phys.J. C75 (2015) 3, 132  (http://arxiv.org/abs/1412.7420)
Thanks for using LHAPDF 6.5.5. Please make sure to cite the paper:
  Eur.Phys.J. C75 (2015) 3, 132  (http://arxiv.org/abs/1412.7420)
Thanks for using LHAPDF 6.5.5. Please make sure to cite the paper:
  Eur.Phys.J. C75 (2015) 3, 132  (http://arxiv.org/abs/1412.7420)
Thanks for using LHAPDF 6.5.5. Please make sure to cite the paper:
  Eur.Phys.J. C75 (2015) 3, 132  (http://arxiv.org/abs/1412.7420)
Thanks for using LHAPDF 6.5.5. Please make sure to cite the paper:
  Eur.Phys.J. C75 (2015) 3, 132  (http://arxiv.org/abs/1412.7420)
Thanks for using LHAPDF 6.5.5. Please make sure to cite the paper:
  Eur.Phys.J. C75 (2015) 3, 132  (http://arxiv.org/abs/1412.7420)
Thanks for using LHAPDF 6.5.5. Please make sure to cite the paper:
  Eur.Phys.J. C75 (2015) 3, 132  (http://arxiv.org/abs/1412.7420)
Thanks for using LHAPDF Thanks for using LHAPDF 6.5.56.5.5. Please make sure to cite the paper:
. Please make sure to cite the paper:
  Eur.Phys.J. C75 (2015) 3, 132  (http://arxiv.org/abs/1412.7420)  Eur.Phys.J. C75 (2015) 3, 132  (http://arxiv.org/abs/1412.7420)

Thanks for using LHAPDF 6.5.5. Please make sure to cite the paper:
  Eur.Phys.J. C75 (2015) 3, 132  (http://arxiv.org/abs/1412.7420)
Thanks for using LHAPDF 6.5.5. Please make sure to cite the paper:
  Eur.Phys.J. C75 (2015) 3, 132  (http://arxiv.org/abs/1412.7420)
Thanks for using LHAPDF 6.5.5. Please make sure to cite the paper:
  Eur.Phys.J. C75 (2015) 3, 132  (http://arxiv.org/abs/1412.7420)
Thanks for using LHAPDF 6.5.5. Please make sure to cite the paper:
  Eur.Phys.J. C75 (2015) 3, 132  (http://arxiv.org/abs/1412.7420)
Thanks for using LHAPDF 6.5.5. Please make sure to cite the paper:
  Eur.Phys.J. C75 (2015) 3, 132  (http://arxiv.org/abs/1412.7420)
Thanks for using LHAPDF 6.5.5. Please make sure to cite the paper:
  Eur.Phys.J. C75 (2015) 3, 132  (http://arxiv.org/abs/1412.7420)
Thanks for using LHAPDF 6.5.5. Please make sure to cite the paper:
  Eur.Phys.J. C75 (2015) 3, 132  (http://arxiv.org/abs/1412.7420)
Thanks for using LHAPDF 6.5.5. Please make sure to cite the paper:
  Eur.Phys.J. C75 (2015) 3, 132  (http://arxiv.org/abs/1412.7420)
Thanks for using LHAPDF 6.5.5. Please make sure to cite the paper:
  Eur.Phys.J. C75 (2015) 3, 132  (http://arxiv.org/abs/1412.7420)
Thanks for using LHAPDF 6.5.5. Please make sure to cite the paper:
  Eur.Phys.J. C75 (2015) 3, 132  (http://arxiv.org/abs/1412.7420)
Thanks for using LHAPDF 6.5.5. Please make sure to cite the paper:
  Eur.Phys.J. C75 (2015) 3, 132  (http://arxiv.org/abs/1412.7420)
Thanks for using LHAPDF 6.5.5. Please make sure to cite the paper:
  Eur.Phys.J. C75 (2015) 3, 132  (http://arxiv.org/abs/1412.7420)Thanks for using LHAPDF 
6.5.5. Please make sure to cite the paper:
  Eur.Phys.J. C75 (2015) 3, 132  (http://arxiv.org/abs/1412.7420)
Thanks for using LHAPDF 6.5.5. Please make sure to cite the paper:
  Eur.Phys.J. C75 (2015) 3, 132  (http://arxiv.org/abs/1412.7420)
Thanks for using LHAPDF 6.5.5. Please make sure to cite the paper:
  Eur.Phys.J. C75 (2015) 3, 132  (http://arxiv.org/abs/1412.7420)
Thanks for using LHAPDF 6.5.5. Please make sure to cite the paper:
  Eur.Phys.J. C75 (2015) 3, 132  (http://arxiv.org/abs/1412.7420)
Thanks for using LHAPDF 6.5.5. Please make sure to cite the paper:
  Eur.Phys.J. C75 (2015) 3, 132  (http://arxiv.org/abs/1412.7420)
Thanks for using LHAPDF 6.5.5. Please make sure to cite the paper:
  Eur.Phys.J. C75 (2015) 3, 132  (http://arxiv.org/abs/1412.7420)
Thanks for using LHAPDF 6.5.5. Please make sure to cite the paper:
  Eur.Phys.J. C75 (2015) 3, 132  (http://arxiv.org/abs/1412.7420)
Thanks for using LHAPDF 6.5.5. Please make sure to cite the paper:
  Eur.Phys.J. C75 (2015) 3, 132  (http://arxiv.org/abs/1412.7420)
Thanks for using LHAPDF 6.5.5. Please make sure to cite the paper:
  Eur.Phys.J. C75 (2015) 3, 132  (http://arxiv.org/abs/1412.7420)
Thanks for using LHAPDF 6.5.5. Please make sure to cite the paper:
  Eur.Phys.J. C75 (2015) 3, 132  (http://arxiv.org/abs/1412.7420)
Thanks for using LHAPDF 6.5.5. Please make sure to cite the paper:
  Eur.Phys.J. C75 (2015) 3, 132  (http://arxiv.org/abs/1412.7420)
Thanks for using LHAPDF 6.5.5. Please make sure to cite the paper:
  Eur.Phys.J. C75 (2015) 3, 132  (http://arxiv.org/abs/1412.7420)
Thanks for using LHAPDF 6.5.5. Please make sure to cite the paper:
  Eur.Phys.J. C75 (2015) 3, 132  (http://arxiv.org/abs/1412.7420)
Thanks for using LHAPDF 6.5.5. Please make sure to cite the paper:
  Eur.Phys.J. C75 (2015) 3, 132  (http://arxiv.org/abs/1412.7420)
Thanks for using LHAPDF 6.5.5. Please make sure to cite the paper:
  Eur.Phys.J. C75 (2015) 3, 132  (http://arxiv.org/abs/1412.7420)
Thanks for using LHAPDF 6.5.5. Please make sure to cite the paper:
  Eur.Phys.J. C75 (2015) 3, 132  (http://arxiv.org/abs/1412.7420)
Thanks for using LHAPDF 6.5.5. Please make sure to cite the paper:
  Eur.Phys.J. C75 (2015) 3, 132  (http://arxiv.org/abs/1412.7420)
Thanks for using LHAPDF 6.5.5. Please make sure to cite the paper:
  Eur.Phys.J. C75 (2015) 3, 132  (http://arxiv.org/abs/1412.7420)
Thanks for using LHAPDF 6.5.5. Please make sure to cite the paper:
  Eur.Phys.J. C75 (2015) 3, 132  (http://arxiv.org/abs/1412.7420)
Thanks for using LHAPDF 6.5.5. Please make sure to cite the paper:
  Eur.Phys.J. C75 (2015) 3, 132  (http://arxiv.org/abs/1412.7420)
Thanks for using LHAPDF 6.5.5. Please make sure to cite the paper:
  Eur.Phys.J. C75 (2015) 3, 132  (http://arxiv.org/abs/1412.7420)
Thanks for using LHAPDF 6.5.5. Please make sure to cite the paper:
  Eur.Phys.J. C75 (2015) 3, 132  (http://arxiv.org/abs/1412.7420)
Thanks for using LHAPDF 6.5.5. Please make sure to cite the paper:
  Eur.Phys.J. C75 (2015) 3, 132  (http://arxiv.org/abs/1412.7420)
Thanks for using LHAPDF 6.5.5. Please make sure to cite the paper:
  Eur.Phys.J. C75 (2015) 3, 132  (http://arxiv.org/abs/1412.7420)
Thanks for using LHAPDF 6.5.5. Please make sure to cite the paper:
  Eur.Phys.J. C75 (2015) 3, 132  (http://arxiv.org/abs/1412.7420)
Thanks for using LHAPDF 6.5.5. Please make sure to cite the paper:
  Eur.Phys.J. C75 (2015) 3, 132  (http://arxiv.org/abs/1412.7420)
Thanks for using LHAPDF 6.5.5. Please make sure to cite the paper:
Thanks for using LHAPDF 6.5.5. Please make sure to cite the paper:
  Eur.Phys.J. C75 (2015) 3, 132  (http://arxiv.org/abs/1412.7420)
  Eur.Phys.J. C75 (2015) 3, 132  (http://arxiv.org/abs/1412.7420)
Thanks for using LHAPDF 6.5.5. Please make sure to cite the paper:
  Eur.Phys.J. C75 (2015) 3, 132  (http://arxiv.org/abs/1412.7420)
Thanks for using LHAPDF 6.5.5. Please make sure to cite the paper:
  Eur.Phys.J. C75 (2015) 3, 132  (http://arxiv.org/abs/1412.7420)
Thanks for using LHAPDF 6.5.5. Please make sure to cite the paper:
  Eur.Phys.J. C75 (2015) 3, 132  (http://arxiv.org/abs/1412.7420)
Thanks for using LHAPDF 6.5.5. Please make sure to cite the paper:
  Eur.Phys.J. C75 (2015) 3, 132  (http://arxiv.org/abs/1412.7420)
Thanks for using LHAPDF 6.5.5. Please make sure to cite the paper:
  Eur.Phys.J. C75 (2015) 3, 132  (http://arxiv.org/abs/1412.7420)
Thanks for using LHAPDF 6.5.5. Please make sure to cite the paper:
  Eur.Phys.J. C75 (2015) 3, 132  (http://arxiv.org/abs/1412.7420)
Thanks for using LHAPDF 6.5.5. Please make sure to cite the paper:
  Eur.Phys.J. C75 (2015) 3, 132  (http://arxiv.org/abs/1412.7420)
Thanks for using LHAPDF 6.5.5. Please make sure to cite the paper:
  Eur.Phys.J. C75 (2015) 3, 132  (http://arxiv.org/abs/1412.7420)
Thanks for using LHAPDF 6.5.5. Please make sure to cite the paper:
  Eur.Phys.J. C75 (2015) 3, 132  (http://arxiv.org/abs/1412.7420)
Thanks for using LHAPDF 6.5.5. Please make sure to cite the paper:
  Eur.Phys.J. C75 (2015) 3, 132  (http://arxiv.org/abs/1412.7420)
Thanks for using LHAPDF 6.5.5. Please make sure to cite the paper:
  Eur.Phys.J. C75 (2015) 3, 132  (http://arxiv.org/abs/1412.7420)
Thanks for using LHAPDF 6.5.5. Please make sure to cite the paper:
  Eur.Phys.J. C75 (2015) 3, 132  (http://arxiv.org/abs/1412.7420)
Thanks for using LHAPDF 6.5.5. Please make sure to cite the paper:
  Eur.Phys.J. C75 (2015) 3, 132  (http://arxiv.org/abs/1412.7420)
Thanks for using LHAPDF 6.5.5. Please make sure to cite the paper:
  Eur.Phys.J. C75 (2015) 3, 132  (http://arxiv.org/abs/1412.7420)
Thanks for using LHAPDF 6.5.5. Please make sure to cite the paper:
  Eur.Phys.J. C75 (2015) 3, 132  (http://arxiv.org/abs/1412.7420)
Thanks for using LHAPDF 6.5.5. Please make sure to cite the paper:
  Eur.Phys.J. C75 (2015) 3, 132  (http://arxiv.org/abs/1412.7420)
Thanks for using LHAPDF 6.5.5. Please make sure to cite the paper:
  Eur.Phys.J. C75 (2015) 3, 132  (http://arxiv.org/abs/1412.7420)
Thanks for using LHAPDF 6.5.5. Please make sure to cite the paper:
  Eur.Phys.J. C75 (2015) 3, 132  (http://arxiv.org/abs/1412.7420)
Thanks for using LHAPDF 6.5.5. Please make sure to cite the paper:
  Eur.Phys.J. C75 (2015) 3, 132  (http://arxiv.org/abs/1412.7420)
Thanks for using LHAPDF 6.5.5. Please make sure to cite the paper:
  Eur.Phys.J. C75 (2015) 3, 132  (http://arxiv.org/abs/1412.7420)
Thanks for using LHAPDF 6.5.5. Please make sure to cite the paper:
  Eur.Phys.J. C75 (2015) 3, 132  (http://arxiv.org/abs/1412.7420)
Thanks for using LHAPDF 6.5.5. Please make sure to cite the paper:
  Eur.Phys.J. C75 (2015) 3, 132  (http://arxiv.org/abs/1412.7420)
Thanks for using LHAPDF 6.5.5. Please make sure to cite the paper:
  Eur.Phys.J. C75 (2015) 3, 132  (http://arxiv.org/abs/1412.7420)
Thanks for using LHAPDF 6.5.5. Please make sure to cite the paper:
  Eur.Phys.J. C75 (2015) 3, 132  (http://arxiv.org/abs/1412.7420)
Thanks for using LHAPDF 6.5.5. Please make sure to cite the paper:
  Eur.Phys.J. C75 (2015) 3, 132  (http://arxiv.org/abs/1412.7420)
Thanks for using LHAPDF 6.5.5. Please make sure to cite the paper:
  Eur.Phys.J. C75 (2015) 3, 132  (http://arxiv.org/abs/1412.7420)
Thanks for using LHAPDF 6.5.5. Please make sure to cite the paper:
  Eur.Phys.J. C75 (2015) 3, 132  (http://arxiv.org/abs/1412.7420)
Thanks for using LHAPDF 6.5.5. Please make sure to cite the paper:
  Eur.Phys.J. C75 (2015) 3, 132  (http://arxiv.org/abs/1412.7420)
Thanks for using LHAPDF 6.5.5. Please make sure to cite the paper:
  Eur.Phys.J. C75 (2015) 3, 132  (http://arxiv.org/abs/1412.7420)
Thanks for using LHAPDF 6.5.5. Please make sure to cite the paper:
  Eur.Phys.J. C75 (2015) 3, 132  (http://arxiv.org/abs/1412.7420)
Thanks for using LHAPDF 6.5.5. Please make sure to cite the paper:
  Eur.Phys.J. C75 (2015) 3, 132  (http://arxiv.org/abs/1412.7420)
Thanks for using LHAPDF 6.5.5. Please make sure to cite the paper:
  Eur.Phys.J. C75 (2015) 3, 132  (http://arxiv.org/abs/1412.7420)
Thanks for using LHAPDF 6.5.5. Please make sure to cite the paper:
  Eur.Phys.J. C75 (2015) 3, 132  (http://arxiv.org/abs/1412.7420)
Thanks for using LHAPDF 6.5.5. Please make sure to cite the paper:
  Eur.Phys.J. C75 (2015) 3, 132  (http://arxiv.org/abs/1412.7420)
Thanks for using LHAPDF 6.5.5. Please make sure to cite the paper:
  Eur.Phys.J. C75 (2015) 3, 132  (http://arxiv.org/abs/1412.7420)
Thanks for using LHAPDF 6.5.5. Please make sure to cite the paper:
  Eur.Phys.J. C75 (2015) 3, 132  (http://arxiv.org/abs/1412.7420)
Thanks for using LHAPDF 6.5.5. Please make sure to cite the paper:
  Eur.Phys.J. C75 (2015) 3, 132  (http://arxiv.org/abs/1412.7420)
Thanks for using LHAPDF 6.5.5. Please make sure to cite the paper:
  Eur.Phys.J. C75 (2015) 3, 132  (http://arxiv.org/abs/1412.7420)
Thanks for using LHAPDF 6.5.5. Please make sure to cite the paper:
  Eur.Phys.J. C75 (2015) 3, 132  (http://arxiv.org/abs/1412.7420)
Thanks for using LHAPDF 6.5.5. Please make sure to cite the paper:
  Eur.Phys.J. C75 (2015) 3, 132  (http://arxiv.org/abs/1412.7420)
Thanks for using LHAPDF 6.5.5. Please make sure to cite the paper:
  Eur.Phys.J. C75 (2015) 3, 132  (http://arxiv.org/abs/1412.7420)
Thanks for using LHAPDF 6.5.5. Please make sure to cite the paper:
  Eur.Phys.J. C75 (2015) 3, 132  (http://arxiv.org/abs/1412.7420)
Thanks for using LHAPDF 6.5.5. Please make sure to cite the paper:
  Eur.Phys.J. C75 (2015) 3, 132  (http://arxiv.org/abs/1412.7420)
Thanks for using LHAPDF 6.5.5. Please make sure to cite the paper:
  Eur.Phys.J. C75 (2015) 3, 132  (http://arxiv.org/abs/1412.7420)
Thanks for using LHAPDF 6.5.5. Please make sure to cite the paper:
  Eur.Phys.J. C75 (2015) 3, 132  (http://arxiv.org/abs/1412.7420)
Thanks for using LHAPDF Thanks for using LHAPDF 6.5.56.5.5. Please make sure to cite the paper:
. Please make sure to cite the paper:
  Eur.Phys.J. C75 (2015) 3, 132  (http://arxiv.org/abs/1412.7420)  Eur.Phys.J. C75 (2015) 3, 132  (http://arxiv.org/abs/1412.7420)

Thanks for using LHAPDF 6.5.5. Please make sure to cite the paper:
  Eur.Phys.J. C75 (2015) 3, 132  (http://arxiv.org/abs/1412.7420)
Thanks for using LHAPDF 6.5.5. Please make sure to cite the paper:
  Eur.Phys.J. C75 (2015) 3, 132  (http://arxiv.org/abs/1412.7420)
Thanks for using LHAPDF 6.5.5. Please make sure to cite the paper:
  Eur.Phys.J. C75 (2015) 3, 132  (http://arxiv.org/abs/1412.7420)
Thanks for using LHAPDF 6.5.5. Please make sure to cite the paper:
  Eur.Phys.J. C75 (2015) 3, 132  (http://arxiv.org/abs/1412.7420)
Thanks for using LHAPDF 6.5.5. Please make sure to cite the paper:
  Eur.Phys.J. C75 (2015) 3, 132  (http://arxiv.org/abs/1412.7420)
Thanks for using LHAPDF 6.5.5. Please make sure to cite the paper:
  Eur.Phys.J. C75 (2015) 3, 132  (http://arxiv.org/abs/1412.7420)
Thanks for using LHAPDF 6.5.5. Please make sure to cite the paper:
  Eur.Phys.J. C75 (2015) 3, 132  (http://arxiv.org/abs/1412.7420)
Thanks for using LHAPDF 6.5.5. Please make sure to cite the paper:
  Eur.Phys.J. C75 (2015) 3, 132  (http://arxiv.org/abs/1412.7420)
Thanks for using LHAPDF 6.5.5. Please make sure to cite the paper:
  Eur.Phys.J. C75 (2015) 3, 132  (http://arxiv.org/abs/1412.7420)
Thanks for using LHAPDF 6.5.5. Please make sure to cite the paper:
  Eur.Phys.J. C75 (2015) 3, 132  (http://arxiv.org/abs/1412.7420)
Thanks for using LHAPDF Thanks for using LHAPDF 6.5.56.5.5. Please make sure to cite the paper:
. Please make sure to cite the paper:
  Eur.Phys.J. C75 (2015) 3, 132  (http://arxiv.org/abs/1412.7420)  Eur.Phys.J. C75 (2015) 3, 132  (http://arxiv.org/abs/1412.7420)

Thanks for using LHAPDF 6.5.5. Please make sure to cite the paper:
  Eur.Phys.J. C75 (2015) 3, 132  (http://arxiv.org/abs/1412.7420)
Thanks for using LHAPDF 6.5.5. Please make sure to cite the paper:
  Eur.Phys.J. C75 (2015) 3, 132  (http://arxiv.org/abs/1412.7420)
Thanks for using LHAPDF 6.5.5. Please make sure to cite the paper:
  Eur.Phys.J. C75 (2015) 3, 132  (http://arxiv.org/abs/1412.7420)
Thanks for using LHAPDF 6.5.5. Please make sure to cite the paper:
  Eur.Phys.J. C75 (2015) 3, 132  (http://arxiv.org/abs/1412.7420)
Thanks for using LHAPDF 6.5.5. Please make sure to cite the paper:
  Eur.Phys.J. C75 (2015) 3, 132  (http://arxiv.org/abs/1412.7420)
Thanks for using LHAPDF 6.5.5. Please make sure to cite the paper:
  Eur.Phys.J. C75 (2015) 3, 132  (http://arxiv.org/abs/1412.7420)
Thanks for using LHAPDF 6.5.5. Please make sure to cite the paper:
  Eur.Phys.J. C75 (2015) 3, 132  (http://arxiv.org/abs/1412.7420)
Thanks for using LHAPDF 6.5.5. Please make sure to cite the paper:
  Eur.Phys.J. C75 (2015) 3, 132  (http://arxiv.org/abs/1412.7420)
Thanks for using LHAPDF 6.5.5. Please make sure to cite the paper:
  Eur.Phys.J. C75 (2015) 3, 132  (http://arxiv.org/abs/1412.7420)
Thanks for using LHAPDF 6.5.5. Please make sure to cite the paper:
  Eur.Phys.J. C75 (2015) 3, 132  (http://arxiv.org/abs/1412.7420)
Thanks for using LHAPDF 6.5.5. Please make sure to cite the paper:
  Eur.Phys.J. C75 (2015) 3, 132  (http://arxiv.org/abs/1412.7420)
DY_PAIRED {"event": "completed", "status": "completed", "production_packets": 4194304, "central_pb": 5.9021924699248995e-06, "error_pb": 9.369118872132179e-09}
[92mINFO[0m [94mmain l.2280[0m [96mt=2026-09-17,14:00:06.719[0m > --------------------------------------------------------------------------------
[92mINFO[0m [94mmain l.2281[0m [96mt=2026-09-17,14:00:06.720[0m > Integration with settings below completed in [92m2857.35s[0m:
| [94mdy_card                       [0m: [92mPosixPath('/home/zeno/DY/pygloop_6c15087/cards/dy_histogram_precision_ladder_20260917.toml')[0m
| [94mdy_card_check                 [0m: [92mFalse[0m
| [94mdy_dump_effective_card        [0m: [92mFalse[0m
| [94mdy_allow_unverified_bundle    [0m: [92mFalse[0m
| [94mprocess                       [0m: [92m'dy'[0m
| [94mgeneral_settings              [0m: [92m[][0m
| [94mdiagrams                      [0m: [92m[][0m
| [94moverwrite_process_basename    [0m: [92m'PP_DY_S1000_CM_H_EXACT_AUX_INCLUSIVE_20260915'[0m
| [94mverbosity                     [0m: [92m'info'[0m
| [94mparameterisation              [0m: [92m'spherical'[0m
| [94mdy_skip_ps_validation         [0m: [92mTrue[0m
| [94mdy_rotation_check_digits      [0m: [92m7[0m
| [94mdy_rotation_check_count       [0m: [92m2[0m
| [94mdy_rotation_check_eps         [0m: [92m1e-15[0m
| [94mdy_rotation_check_arb_digits  [0m: [92m32[0m
| [94mdy_fallback_precision         [0m: [92m32[0m
| [94mdy_precision_ladder           [0m: [92m[16, 32, 60][0m
| [94mdy_stability_backend          [0m: [92m'double-float'[0m
| [94mdy_stability_arb_digits       [0m: [92mNone[0m
| [94mdy_stability_rtol             [0m: [92mNone[0m
| [94mdy_stability_atol             [0m: [92mNone[0m
| [94mdy_theta_tol                  [0m: [92m0.0[0m
| [94mdy_large_weight_precision     [0m: [92mNone[0m
| [94mdy_large_weight_clip          [0m: [92mNone[0m
| [94mdy_soft_mirror_edge           [0m: [92mNone[0m
| [94mdy_grouped_soft_pair          [0m: [92mNone[0m
| [94mdy_grouped_soft_pair_transform[0m: [92mNone[0m
| [94mdy_large_weight_threshold     [0m: [92mNone[0m
| [94mdy_zero_large_weight_samples  [0m: [92mFalse[0m
| [94mdy_integrated_uv_ct_filter    [0m: [92m'all'[0m
| [94mdy_accept_all_arb_retries     [0m: [92mFalse[0m
| [94mdy_final_state                [0m: [92m['a'][0m
| [94mdy_process_name               [0m: [92m'dy'[0m
| [94mdy_channel                    [0m: [92m[1, -1][0m
| [94mexternal_gluon_polarisation   [0m: [92mFalse[0m
| [94mdy_symmetrise_p1_p2           [0m: [92mTrue[0m
| [94mdy_parallel_graphs            [0m: [92m1[0m
| [94mdy_integrate_beams            [0m: [92mTrue[0m
| [94mdy_beam_parameterisation      [0m: [92m'x1_x2'[0m
| [94mdy_z_bin                      [0m: [92m[0.0, 1.0][0m
| [94mdy_q_min                      [0m: [92m300.0[0m
| [94mdy_q_max                      [0m: [92mNone[0m
| [94mdy_physical_normalisation     [0m: [92mTrue[0m
| [94mdy_integrated_leptonic_phase_space[0m: [92mTrue[0m
| [94mdy_pdf_set                    [0m: [92m'PDF4LHC21_40'[0m
| [94mdy_pdf_member                 [0m: [92m0[0m
| [94mdy_muf_sq                     [0m: [92m8302.489924[0m
| [94mdy_msbar_scheme_counterterm   [0m: [92mFalse[0m
| [94mdy_decoupling                 [0m: [92mFalse[0m
| [94mdy_scheme_counterterm_sobol_power[0m: [92m15[0m
| [94mdy_scheme_counterterm_replicas[0m: [92m8[0m
| [94mdy_scheme_counterterm_factor  [0m: [92mNone[0m
| [94mdy_scheme_born_bundle         [0m: [92mNone[0m
| [94mdy_scheme_born_bundles        [0m: [92mNone[0m
| [94mdy_scheme_alpha_s             [0m: [92m0.118[0m
| [94mdy_scheme_counterterm_clip    [0m: [92mNone[0m
| [94mdy_ttbar_pt_min               [0m: [92mNone[0m
| [94mdy_muv                        [0m: [92m1000.0[0m
| [94mdy_runtime_parameter_overrides[0m: [92mNone[0m
| [94mdy_lambda_sq                  [0m: [92m8302.489924[0m
| [94mdy_mur_sq                     [0m: [92m8302.489924[0m
| [94mgammaloop_configuration       [0m: [92m'/home/zeno/DY/pygloop_6c15087/configs/DY/generate.toml'[0m
| [94mruntime_configuration         [0m: [92m'/home/zeno/DY/pygloop_6c15087/configs/DY/runtime.toml'[0m
| [94mgammaloop_settings            [0m: [92m[][0m
| [94mm_top                         [0m: [92m173.0[0m
| [94mm_higgs                       [0m: [92m125.0[0m
| [94mpg1                           [0m: [92m[500.0, 0.0, 0.0, 500.0][0m
| [94mpg2                           [0m: [92m[500.0, 0.0, 0.0, -500.0][0m
| [94mph1                           [0m: [92m[438.5555662246945, 155.3322001835378, 348.0160396513587, -177.3773615718412][0m
| [94mph2                           [0m: [92m[356.3696374921922, -16.802389008511, -318.7291102436005, 97.48719163688098][0m
| [94mph3                           [0m: [92m[205.0747962831133, -138.5298111750267, -29.28692940775817, 79.8901699349603][0m
| [94mhelicities                    [0m: [92m[1, 1, 0, 0, 0][0m
| [94mn_loops                       [0m: [92m1[0m
| [94mclean                         [0m: [92mFalse[0m
| [94mintegrand_implementation      [0m: [92m'zenos'[0m
| [94mintegrand_evaluator_compiler  [0m: [92m'symbolica_only'[0m
| [94mmulti_channeling              [0m: [92mTrue[0m
| [94mcommand                       [0m: [92m'integrate'[0m
| [94mn_iterations                  [0m: [92m100[0m
| [94mpoints_per_iteration          [0m: [92m1000000[0m
| [94mintegrator                    [0m: [92m'dy-paired-sobol'[0m
| [94mn_cores                       [0m: [92m128[0m
| [94mdy_paired_replicas            [0m: [92m16[0m
| [94mdy_paired_learning_points     [0m: [92m[1024, 2048, 4096][0m
| [94mdy_paired_production_points   [0m: [92m262144[0m
| [94mdy_paired_max_points          [0m: [92m262144[0m
| [94mdy_paired_audit_block_size    [0m: [92m512[0m
| [94mdy_paired_target_relative_error[0m: [92m0.005[0m
| [94mdy_paired_auxiliary_error_fraction[0m: [92m0.1[0m
| [94mdy_paired_output_directory    [0m: [92m'/home/zeno/DY/pygloop_6c15087/outputs/dy_histogram_precision_ladder_replicas5_20260917/run_02'[0m
| [94mdy_paired_z_histogram_edges   [0m: [92m[0.0, 0.1, 0.2, 0.3, 0.4, 0.5, 0.6, 0.7, 0.8, 0.9, 1.0][0m
| [94mphysical_channel_multi_channeling[0m: [92mTrue[0m
| [94mdy_q_bins                     [0m: [92mNone[0m
| [94mdy_physical_channel_cards     [0m: [92m{'qg': '/home/zeno/DY/pygloop_6c15087/cards/dy_paired_sobol_20260917/qg.toml',
 'qqbar': '/home/zeno/DY/pygloop_6c15087/cards/dy_paired_sobol_20260917/qqbar.toml'}[0m
| [94mdy_physical_channel_backend   [0m: [92m'saved-jit'[0m
| [94mdy_physical_channel_batch_size[0m: [92m256[0m
| [94mdy_physical_channel_warmup_iterations[0m: [92m0[0m
| [94mdy_physical_channel_min_fraction[0m: [92m0.075[0m
| [94mdy_physical_channel_target_relative_precision[0m: [92mNone[0m
| [94mdy_physical_channel_live_diagnostics[0m: [92mTrue[0m
| [94mtarget                        [0m: [92mNone[0m
| [94mphase                         [0m: [92m'real'[0m
| [94mseed                          [0m: [92m947170001[0m
| [94mrestart                       [0m: [92mFalse[0m
| [94mrun_workspace_name            [0m: [92m'dy_histogram_precision_ladder_rep02_20260917'[0m
| [94mdy_integration_graphs         [0m: [92mNone[0m
| [94mdy_graph_weights              [0m: [92mNone[0m
| [94mdy_runtime_parameters         [0m: [92m{'alpha_ew_inverse': '132.507',
 'alpha_s': '0.118',
 'lambda_sq': '8302.489924',
 'm_top': '173',
 'mur_sq': '8302.489924',
 'muv': '1000',
 'zmax': '1',
 'zmin': '0'}[0m
| 
| > Integration result after [92m4194304[0m evaluations in [92m305969.05 CPU-s[0m [94m(72948.7 µs / eval)[0m
| > Extremal weights:
| > Stability pipeline: float pairs accepted = 0, HP pairs attempted/accepted = 863222/0
| > Stability triggers: float mismatch = 0, float non-finite/error = 0
| > Higher-precision rejections: disagreement = 0, non-finite = 0, error = 0
| > Unstable rotational-check points rejected = 0
| > Rotational-check high-precision retries = 0
| > Rotational-check high-precision salvaged = 0
| > Large-weight high-precision retries = 0
| > Large-weight high-precision salvaged = 0
| > Large-weight high-precision rejected = 0
| > Large-weight samples zeroed = 0 (0.000e+00 of samples; removed signed/absolute sums = 0.00000e+00/0.00000e+00)
| > Non-finite final outputs zeroed = 0
| > Non-finite float rotated evaluations seen = 0
| > [92mCentral value[0m : +1.5157937294220503e-14   +/- 2.41e-17     ([92m0.159%[0m)
Physical-channel sampling:
  backend=shared-card-precision-ladder, batch=512, warmup=114688, production=4194304, topology=paired-angular-frozen-sobol, joint leaves=6
  physical floor=0.000000
  persistent workers: shared=128
  precision target=0.500000%, achieved=unavailable, met=False, stop=max_points, iterations=2
Physical-channel observer estimates:
  qqbar   : +1.6738026466056077e-14 +/- 2.7503e-17 [3512818 selected]
  qg      : -1.5800891718355754e-15 +/- 7.1322e-18 [681486 selected]
  sum     : +1.5157937294220503e-14
  total   : +1.5157937294220503e-14
Physical-channel correlation matrix:
  qqbar   : qqbar=+1.000000, qg=-0.581951
  qg      : qqbar=-0.581951, qg=+1.000000
[92mINFO[0m [94mmain l.2286[0m [96mt=2026-09-17,14:00:06.720[0m > --------------------------------------------------------------------------------
[92mINFO[0m [94mmain l.2340[0m [96mt=2026-09-17,14:00:06.721[0m > Command 'integrate' completed in [92m2857.35s[0m.
